[www.vliruos.be/en/home/1.html]
[www.vliruos.be/en/about_vlir_uos/2.html]
[www.vliruos.be/en/scholarships.html]
[www.vliruos.be/en/project_funding/4.html]
[www.vliruos.be/en/countries/96.html]
[www.vliruos.be/en/projects/20.html]
[www.vliruos.be/en/contact/28.html]
[www.vliruos.be/en/five_year_programme_2022_2027/2626.html]
[www.vliruos.be/en/project_statistics/3633.html]
[www.vliruos.be/en/news-events.html]
[www.vliruos.be/en/documents/129.html]
[www.vliruos.be/en/stories/60.html]
[www.vliruos.be/en/call_types/1566.html]
[www.vliruos.be/en/community_talks/1366.html]
[backblue.gif]
[fade.gif]
[index.html]
[www.vliruos.be/pictures/favicon/apple-touch-icon.png]
[www.vliruos.be/pictures/favicon/favicon-32x32.png]
[www.vliruos.be/pictures/favicon/favicon-16x16.png]
[www.vliruos.be/en/privacypolicy/1231.html]
[www.vliruos.be/en/news_events/need_inspiration_for_a_short_initiative_(si)_or/2419.html]
[www.vliruos.be/en/news_events/job_alert_we_are_looking_for_an_experienced_finance_coordinator/3418.html]
[cdn.vliruos.be/vliruos/490x275/IMG_0069.jpeg]
[www.vliruos.be/en/news_events/community_talk_20_december_at_11_am_primafamed/3461.html]
[cdn.vliruos.be/vliruos/490x275/foto website.jpg]
[www.vliruos.be/en/news_events/our_itp_2024_call_is_open/3367.html]
[cdn.vliruos.be/vliruos/490x275/ITP call foto.png]
[www.vliruos.be/pictures/map.png]
[www.vliruos.be/en/stories/nguyen_thi_thanh_huong/1517.html]
[cdn.vliruos.be/vliruos/original_cropped(40).png]
[www.vliruos.be/pictures/bdc.png]
[www.vliruos.be/en/privacy_policy/1231.html]
[www.vliruos.be/js/jquery/jquery-3.1.1.min.js]
[www.vliruos.be/js/lity.js]
[www.vliruos.be/js/swiper.min.js]
[www.vliruos.be/js/jquery.sticky.js]
[www.vliruos.be/js/select2.full.min.js]
[www.vliruos.be/js/ScrollMagic.min.js]
[www.vliruos.be/js/ScrollToPlugin.min.js]
[www.vliruos.be/js/TweenMax.min.js]
[www.vliruos.be/js/Webdoosmaster.js]
[www.vliruos.be/en/home/1.html]
[cdn.webdoos.io/vliruos/Collage BUOS 23-24.png]
[cdn.vliruos.be/vliruos/150x0/ead9921ee1b00cd02f342d108af44f38.png]
[cdn.vliruos.be/vliruos/150x0/626442768b821f6000bb8742f92b02a5.png]
[cdn.vliruos.be/vliruos/150x0/f48e290877cf3add12d5b9a228abb5d0.png]
[cdn.vliruos.be/vliruos/150x0/42619018bfbd72aa54f674df47a64ee7.png]
[cdn.vliruos.be/vliruos/150x0/8517435354112540406646a0489c9383.png]
[cdn.vliruos.be/vliruos/150x0/139d14562f2b0e71c8fd5f57a3cb6f20.png]
[cdn.vliruos.be/vliruos/150x0/ef55d0f5f587092f21091ecbd13ad179.png]
[cdn.vliruos.be/vliruos/150x0/ffe136b3fdea0eb3923f38b2b8d29417.png]
[cdn.vliruos.be/vliruos/150x0/b396e74867cc59aa96fd47f392cf79ee.jpg]
[cdn.vliruos.be/vliruos/150x0/e98c935cbfed14fbc183e71d419bbd9e.png]
[cdn.vliruos.be/vliruos/150x0/37450623d8849e4ac87bf43cef08b8b6.jpg]
[cdn.vliruos.be/vliruos/original_cropped(86).png]
[cdn.vliruos.be/vliruos/original_cropped(85).png]
[cdn.vliruos.be/vliruos/400x543/jaarverslag2020.jpg]
[cdn.vliruos.be/vliruos/original_cropped(7).png]
[cdn.vliruos.be/vliruos/76492914e4c5f89f8330d921025accea.png]
[cdn.vliruos.be/vliruos/400x543/7e0d3df542557e849111a8ff8c2189cd.png]
[cdn.vliruos.be/vliruos/6e7a021573783edf4bc7e8ad97bc5f62.png]
[cdn.vliruos.be/vliruos/ae93237210c64e0599d008934da179a1.png]
[cdn.vliruos.be/vliruos/0fd4e2797da9d2a337b9b0cfd53e10c4.png]
[www.vliruos.be/en/about_vlir_uos/2.html]
[www.vliruos.be/en/about_vlir_uos/en/contact/28.html]
[cdn.vliruos.be/vliruos/960x680/2014-09-16 15.50.17.jpg]
[www.vliruos.be/en/icpconnect-scholarships.html]
[www.vliruos.be/en/scholarships/travel_grants/2667.html]
[cdn.vliruos.be/vliruos/c16c4d0ab5b83fdb5dbf9798f22b9b80.png]
[www.vliruos.be/en/stories/rose_baudoncq/62.html]
[cdn.vliruos.be/vliruos/a9df2d6aab3a3439e02c70696beadb53.png]
[www.vliruos.be/en/scholarships.html]
[cdn.vliruos.be/vliruos/d7e1d57b4e7a7c1077cc0281b83d27c4.png]
[www.vliruos.be/en/call_types/project_funding/team_projects/1596.html]
[www.vliruos.be/en/project_funding/intervention_types_in_partner_countries/institutional_university_cooperation_(i/86.47.delaye]
[www.vliruos.be/en/project_funding/intervention_types_in_partner_countries/network_university_cooperation_(network/87.48.delaye]
[www.vliruos.be/en/call_types/project_funding/short_initiatives_(si)/1587.html]
[www.vliruos.be/en/call_types/project_funding/international_training_programmes_(itp)/2415.html]
[cdn.vliruos.be/vliruos/840x560/64a1118110043c8650cbb2afdd9e3e1c.png]
[www.vliruos.be/en/project_funding/intervention_types_in_belgium/global_minds/92.html]
[www.vliruos.be/en/project_funding/4.html]
[www.vliruos.be/en/project_funding/intervention_types_in_belgium/policy_supporting_research/95.html]
[cdn.vliruos.be/vliruos/project countries.png]
[www.vliruos.be/en/countries/africa/benin/223.html]
[www.vliruos.be/en/countries/africa/burkina_faso/224.html]
[www.vliruos.be/en/countries/africa/burundi/101.html]
[www.vliruos.be/en/countries/africa/cameroon/226.html]
[www.vliruos.be/en/countries/africa/democratic_republic_of_the_congo/102.html]
[www.vliruos.be/en/countries/africa/ethiopia/103.html]
[www.vliruos.be/en/countries/africa/guinea/225.html]
[www.vliruos.be/en/countries/africa/kenya/104.html]
[www.vliruos.be/en/countries/africa/madagascar/227.html]
[www.vliruos.be/en/countries/africa/morocco/105.html]
[www.vliruos.be/en/countries/africa/mozambique/218.html]
[www.vliruos.be/en/countries/africa/niger/229.html]
[www.vliruos.be/en/countries/africa/rwanda/219.html]
[www.vliruos.be/en/countries/africa/senegal/230.html]
[www.vliruos.be/en/countries/africa/south_africa/222.html]
[www.vliruos.be/en/countries/africa/tanzania/220.html]
[www.vliruos.be/en/countries/africa/uganda/221.html]
[www.vliruos.be/en/countries/africa/zimbabwe/231.html]
[www.vliruos.be/en/countries/asia/cambodia/106.html]
[www.vliruos.be/en/countries/asia/indonesia/108.html]
[www.vliruos.be/en/countries/asia/palestinian_territories/233.html]
[www.vliruos.be/en/countries/asia/philippines/107.html]
[www.vliruos.be/en/countries/asia/vietnam/109.html]
[www.vliruos.be/en/countries/latin_america/bolivia/110.html]
[www.vliruos.be/en/countries/latin_america/cuba/234.html]
[www.vliruos.be/en/countries/latin_america/ecuador/235.html]
[www.vliruos.be/en/countries/latin_america/haiti/240.html]
[www.vliruos.be/en/countries/latin_america/nicaragua/236.html]
[www.vliruos.be/en/countries/latin_america/peru/237.html]
[www.vliruos.be/js/dist/ammap.js]
[www.vliruos.be/js/dist/maps/js/worldLow.js]
[www.vliruos.be/en/countries/96.html]
[www.vliruos.be/en/projects/project/22843e.html]
[www.vliruos.be/en/projects/project/22429d.html]
[www.vliruos.be/en/projects/project/22cbfb.html]
[www.vliruos.be/en/projects/project/22ed1d.html]
[www.vliruos.be/en/projects/project/226abb.html]
[www.vliruos.be/en/projects/project/226e55.html]
[www.vliruos.be/en/projects/project/2223f4.html]
[www.vliruos.be/en/projects/project/22e7eb.html]
[www.vliruos.be/en/projects/project/222514.html]
[www.vliruos.be/en/projects/project/220973.html]
[www.vliruos.be/en/projects/project/22a7c5.html]
[www.vliruos.be/en/projects/project/229375.html]
[www.vliruos.be/en/projects/project/22199f.html]
[www.vliruos.be/en/projects/project/22caf7.html]
[www.vliruos.be/en/projects/project/2233a9.html]
[www.vliruos.be/en/projects/project/22daf9.html]
[www.vliruos.be/en/projects/project/22eab6.html]
[www.vliruos.be/en/projects/project/2200b3.html]
[www.vliruos.be/en/projects/project/22d607.html]
[www.vliruos.be/en/projects/project/22fad0.html]
[www.vliruos.be/en/projects/project/225b25.html]
[www.vliruos.be/en/projects/project/22f6b3.html]
[www.vliruos.be/en/projects/project/2285ff.html]
[www.vliruos.be/en/projects/project/22b3b1.html]
[www.vliruos.be/en/projects/project/224d15.html]
[www.vliruos.be/en/projects/project/222849.html]
[www.vliruos.be/en/projects/project/22cbc0.html]
[www.vliruos.be/en/projects/project/229073.html]
[www.vliruos.be/en/projects/project/22f977.html]
[www.vliruos.be/en/projects/project/229c66.html]
[www.vliruos.be/en/projects/project/224c73.html]
[www.vliruos.be/en/projects/project/22120d.html]
[www.vliruos.be/en/projects/project/22252b.html]
[www.vliruos.be/en/projects/project/22aad6.html]
[www.vliruos.be/en/projects/project/224d13.html]
[www.vliruos.be/en/projects/project/2239b6.html]
[www.vliruos.be/en/projects/project/22d495.html]
[www.vliruos.be/en/projects/project/22cca6.html]
[www.vliruos.be/en/projects/project/220fa0.html]
[www.vliruos.be/en/projects/project/223499.html]
[www.vliruos.be/en/projects/project/224d95.html]
[www.vliruos.be/en/projects/project/22bc2d.html]
[www.vliruos.be/en/projects/project/228b7f.html]
[www.vliruos.be/en/projects/project/22500d.html]
[www.vliruos.be/en/projects/project/227017.html]
[www.vliruos.be/en/projects/project/225e27.html]
[www.vliruos.be/en/projects/project/22b29c.html]
[www.vliruos.be/en/projects/project/2273ca.html]
[www.vliruos.be/en/projects/project/2214a2.html]
[www.vliruos.be/en/projects/project/2287d2.html]
[www.vliruos.be/en/projects/project/222b87.html]
[www.vliruos.be/en/projects/project/22c1bb.html]
[www.vliruos.be/en/projects/project/22dfce.html]
[www.vliruos.be/en/projects/project/22d140.html]
[www.vliruos.be/en/projects/project/22f7eb.html]
[www.vliruos.be/en/projects/project/220d03.html]
[www.vliruos.be/en/projects/project/224a9e.html]
[www.vliruos.be/en/projects/project/224fe5.html]
[www.vliruos.be/en/projects/project/222cc1.html]
[www.vliruos.be/en/projects/project/22e236.html]
[www.vliruos.be/en/projects/project/22b32e.html]
[www.vliruos.be/en/projects/project/22e87f.html]
[www.vliruos.be/en/projects/project/22ead5.html]
[www.vliruos.be/en/projects/project/2297ae.html]
[www.vliruos.be/en/projects/project/22b088.html]
[www.vliruos.be/en/projects/project/220b8d.html]
[www.vliruos.be/en/projects/project/22de0b.html]
[www.vliruos.be/en/projects/project/221e52.html]
[www.vliruos.be/en/projects/project/22363c.html]
[www.vliruos.be/en/projects/project/22a706.html]
[www.vliruos.be/en/projects/project/22237c.html]
[www.vliruos.be/en/projects/project/225178.html]
[www.vliruos.be/en/projects/project/221730.html]
[www.vliruos.be/en/projects/project/22f852.html]
[www.vliruos.be/en/projects/project/225204.html]
[www.vliruos.be/en/projects/project/22452a.html]
[www.vliruos.be/en/projects/project/2216c5.html]
[www.vliruos.be/en/projects/project/22fd11.html]
[www.vliruos.be/en/projects/project/228d92.html]
[www.vliruos.be/en/projects/project/2226f7.html]
[www.vliruos.be/en/projects/project/226088.html]
[www.vliruos.be/en/projects/project/2212fe.html]
[www.vliruos.be/en/projects/project/22b159.html]
[www.vliruos.be/en/projects/project/220d45.html]
[www.vliruos.be/en/projects/project/22f7c1.html]
[www.vliruos.be/en/projects/project/229e80.html]
[www.vliruos.be/en/projects/project/22b1d8.html]
[www.vliruos.be/en/projects/project/2295e6.html]
[www.vliruos.be/en/projects/project/22c15e.html]
[www.vliruos.be/en/projects/project/222819.html]
[www.vliruos.be/en/projects/project/2204f2.html]
[www.vliruos.be/en/projects/project/220b2a.html]
[www.vliruos.be/en/projects/project/2223f3.html]
[www.vliruos.be/en/projects/project/22a192.html]
[www.vliruos.be/en/projects/project/22b291.html]
[www.vliruos.be/en/projects/project/225aca.html]
[www.vliruos.be/en/projects/project/22ba5e.html]
[www.vliruos.be/en/projects/project/2257be.html]
[www.vliruos.be/en/projects/project/223481.html]
[www.vliruos.be/en/projects/project/22b2d0.html]
[www.vliruos.be/en/projects/project/22cdcc.html]
[www.vliruos.be/en/projects/project/22f283.html]
[www.vliruos.be/en/projects/project/2254e9.html]
[www.vliruos.be/en/projects/project/228903.html]
[www.vliruos.be/en/projects/project/22e0cc.html]
[www.vliruos.be/en/projects/project/229d6d.html]
[www.vliruos.be/en/projects/project/22c70a.html]
[www.vliruos.be/en/projects/project/226a4f.html]
[www.vliruos.be/en/projects/project/227f2b.html]
[www.vliruos.be/en/projects/project/22ee33.html]
[www.vliruos.be/en/projects/project/22bc67.html]
[www.vliruos.be/en/projects/project/223e8c.html]
[www.vliruos.be/en/projects/project/22227c.html]
[www.vliruos.be/en/projects/project/22e2b9.html]
[www.vliruos.be/en/projects/project/225020.html]
[www.vliruos.be/en/projects/project/22e1cf.html]
[www.vliruos.be/en/projects/project/225a5d.html]
[www.vliruos.be/en/projects/project/229504.html]
[www.vliruos.be/en/projects/project/227e40.html]
[www.vliruos.be/en/projects/project/229d28.html]
[www.vliruos.be/en/projects/project/223f85.html]
[www.vliruos.be/en/projects/project/22a042.html]
[www.vliruos.be/en/projects/project/22d8b3.html]
[www.vliruos.be/en/projects/project/22bccd.html]
[www.vliruos.be/en/projects/project/22698f.html]
[www.vliruos.be/en/projects/project/228bb8.html]
[www.vliruos.be/en/projects/project/229f7b.html]
[www.vliruos.be/en/projects/project/222bcc.html]
[www.vliruos.be/en/projects/project/224056.html]
[www.vliruos.be/en/projects/project/223614.html]
[www.vliruos.be/en/projects/project/220313.html]
[www.vliruos.be/en/projects/project/226e68.html]
[www.vliruos.be/en/projects/project/22d4fd.html]
[www.vliruos.be/en/projects/project/22e418.html]
[www.vliruos.be/en/projects/project/229f22.html]
[www.vliruos.be/en/projects/project/220eaa.html]
[www.vliruos.be/en/projects/project/225414.html]
[www.vliruos.be/en/projects/project/223c3f.html]
[www.vliruos.be/en/projects/project/22d8bf.html]
[www.vliruos.be/en/projects/project/22971f.html]
[www.vliruos.be/en/projects/project/22c607.html]
[www.vliruos.be/en/projects/project/22d50f.html]
[www.vliruos.be/en/projects/project/223f0b.html]
[www.vliruos.be/en/projects/project/223211.html]
[www.vliruos.be/en/projects/project/2264bf.html]
[www.vliruos.be/en/projects/project/22a112.html]
[www.vliruos.be/en/projects/project/22aa7c.html]
[www.vliruos.be/en/projects/project/222d2e.html]
[www.vliruos.be/en/projects/project/220b4f.html]
[www.vliruos.be/en/projects/project/221baa.html]
[www.vliruos.be/en/projects/project/225098.html]
[www.vliruos.be/en/projects/project/22adc8.html]
[www.vliruos.be/en/projects/project/228dd9.html]
[www.vliruos.be/en/projects/project/223b99.html]
[www.vliruos.be/en/projects/project/2217e5.html]
[www.vliruos.be/en/projects/project/22fb92.html]
[www.vliruos.be/en/projects/project/2237e0.html]
[www.vliruos.be/en/projects/project/22f310.html]
[www.vliruos.be/en/projects/project/22058e.html]
[www.vliruos.be/en/projects/project/22c593.html]
[www.vliruos.be/en/projects/project/222f2c.html]
[www.vliruos.be/en/projects/project/227e04.html]
[www.vliruos.be/en/projects/project/221554.html]
[www.vliruos.be/en/projects/project/229002.html]
[www.vliruos.be/en/projects/project/220565.html]
[www.vliruos.be/en/projects/project/2226cc.html]
[www.vliruos.be/en/projects/project/227a1d.html]
[www.vliruos.be/en/projects/project/2222d5.html]
[www.vliruos.be/en/projects/project/22edbb.html]
[www.vliruos.be/en/projects/project/22d992.html]
[www.vliruos.be/en/projects/project/22713e.html]
[www.vliruos.be/en/projects/project/22ceed.html]
[www.vliruos.be/en/projects/project/22d7cf.html]
[www.vliruos.be/en/projects/project/228cee.html]
[www.vliruos.be/en/projects/project/224cbb.html]
[www.vliruos.be/en/projects/project/22f830.html]
[www.vliruos.be/en/projects/project/2204b1.html]
[www.vliruos.be/en/projects/project/227d2b.html]
[www.vliruos.be/en/projects/project/22fe6a.html]
[www.vliruos.be/en/projects/project/2211c4.html]
[www.vliruos.be/en/projects/project/223244.html]
[www.vliruos.be/en/projects/project/2274a9.html]
[www.vliruos.be/en/projects/project/22d24c.html]
[www.vliruos.be/en/projects/project/22e941.html]
[www.vliruos.be/en/projects/project/229145.html]
[www.vliruos.be/en/projects/project/226d13.html]
[www.vliruos.be/en/projects/project/2253f5.html]
[www.vliruos.be/en/projects/project/2288ec.html]
[www.vliruos.be/en/projects/project/223ea6.html]
[www.vliruos.be/en/projects/project/2250c4.html]
[www.vliruos.be/en/projects/project/22df1b.html]
[www.vliruos.be/en/projects/project/228bcd.html]
[www.vliruos.be/en/projects/project/22044b.html]
[www.vliruos.be/en/projects/project/2292f4.html]
[www.vliruos.be/en/projects/project/22e16f.html]
[www.vliruos.be/en/projects/project/22a35a.html]
[www.vliruos.be/en/projects/project/22b4fb.html]
[www.vliruos.be/en/projects/project/226ffe.html]
[www.vliruos.be/en/projects/project/225df9.html]
[www.vliruos.be/en/projects/project/22abdd.html]
[www.vliruos.be/en/projects/project/2222c8.html]
[www.vliruos.be/en/projects/project/221a78.html]
[www.vliruos.be/en/projects/project/225e03.html]
[www.vliruos.be/en/projects/project/22927c.html]
[www.vliruos.be/en/projects/project/228ae9.html]
[www.vliruos.be/en/projects/project/22f42f.html]
[www.vliruos.be/en/projects/project/22f536.html]
[www.vliruos.be/en/projects/project/228f1a.html]
[www.vliruos.be/en/projects/project/22e9c7.html]
[www.vliruos.be/en/projects/project/225984.html]
[www.vliruos.be/en/projects/project/22d33c.html]
[www.vliruos.be/en/projects/project/222f0b.html]
[www.vliruos.be/en/projects/project/222a72.html]
[www.vliruos.be/en/projects/project/227a70.html]
[www.vliruos.be/en/projects/project/22c6e4.html]
[www.vliruos.be/en/projects/project/22ca0a.html]
[www.vliruos.be/en/projects/project/224885.html]
[www.vliruos.be/en/projects/project/22f024.html]
[www.vliruos.be/en/projects/project/22407c.html]
[www.vliruos.be/en/projects/project/22f0da.html]
[www.vliruos.be/en/projects/project/222401.html]
[www.vliruos.be/en/projects/project/2237e5.html]
[www.vliruos.be/en/projects/project/22bb6f.html]
[www.vliruos.be/en/projects/project/22f96b.html]
[www.vliruos.be/en/projects/project/22a4b6.html]
[www.vliruos.be/en/projects/project/22a756.html]
[www.vliruos.be/en/projects/project/2295f3.html]
[www.vliruos.be/en/projects/project/229024.html]
[www.vliruos.be/en/projects/project/225e94.html]
[www.vliruos.be/en/projects/project/229732.html]
[www.vliruos.be/en/projects/project/22b36a.html]
[www.vliruos.be/en/projects/project/22b7bf.html]
[www.vliruos.be/en/projects/project/221fb9.html]
[www.vliruos.be/en/projects/project/229b4d.html]
[www.vliruos.be/en/projects/project/2231b8.html]
[www.vliruos.be/en/projects/project/225ad7.html]
[www.vliruos.be/en/projects/project/225601.html]
[www.vliruos.be/en/projects/project/223ee6.html]
[www.vliruos.be/en/projects/project/2282c5.html]
[www.vliruos.be/en/projects/project/22a188.html]
[www.vliruos.be/en/projects/project/225bcd.html]
[www.vliruos.be/en/projects/project/22ba2f.html]
[www.vliruos.be/en/projects/project/229bcf.html]
[www.vliruos.be/en/projects/project/22935d.html]
[www.vliruos.be/en/projects/project/22d001.html]
[www.vliruos.be/en/projects/project/22429f.html]
[www.vliruos.be/en/projects/project/22fd8c.html]
[www.vliruos.be/en/projects/project/22f94b.html]
[www.vliruos.be/en/projects/project/22910e.html]
[www.vliruos.be/en/projects/project/22bed2.html]
[www.vliruos.be/en/projects/project/2295ec.html]
[www.vliruos.be/en/projects/project/221c42.html]
[www.vliruos.be/en/projects/project/2249a3.html]
[www.vliruos.be/en/projects/project/228706.html]
[www.vliruos.be/en/projects/project/222520.html]
[www.vliruos.be/en/projects/project/22117e.html]
[www.vliruos.be/en/projects/project/227b6b.html]
[www.vliruos.be/en/projects/20.html]
[www.vliruos.be/en/projects/project/224733.html]
[cdn.vliruos.be/vliruos/125x125/Kristiensmall.jpg]
[cdn.vliruos.be/vliruos/125x125/Koensmall.jpg]
[cdn.vliruos.be/vliruos/125x125/Michasmall.jpg]
[cdn.vliruos.be/vliruos/125x125/Bartsmall.jpg]
[cdn.vliruos.be/vliruos/125x125/Elssmall.jpg]
[cdn.vliruos.be/vliruos/125x125/PeterDLsmall.jpg]
[cdn.vliruos.be/vliruos/125x125/Kathleensmall.jpg]
[cdn.vliruos.be/vliruos/125x125/Laurasmall.jpg]
[cdn.vliruos.be/vliruos/125x125/Geraldinesmall.jpg]
[cdn.vliruos.be/vliruos/125x125/Isesmall.jpg]
[cdn.vliruos.be/vliruos/125x125/Aimosmall.jpg]
[cdn.vliruos.be/vliruos/125x125/Jonathansmall.jpg]
[cdn.vliruos.be/vliruos/125x125/Joshuasmall.jpg]
[cdn.vliruos.be/vliruos/125x125/PeterVsmall.jpg]
[cdn.vliruos.be/vliruos/125x125/Mathieusmall.jpg]
[cdn.vliruos.be/vliruos/125x125/Richardsmall.jpg]
[cdn.vliruos.be/vliruos/125x125/Ansmall.jpg]
[cdn.vliruos.be/vliruos/125x125/Larissasmall.jpg]
[cdn.vliruos.be/vliruos/125x125/Timsmall.jpg]
[cdn.vliruos.be/vliruos/125x125/Mohammedsmall.jpg]
[cdn.vliruos.be/vliruos/125x125/Kristofsmall.jpg]
[cdn.vliruos.be/vliruos/125x125/Veerlesmall.jpg]
[www.vliruos.be/en/contact/28.html]
[cdn.vliruos.be/vliruos/940x520/VLIRUOS FYP2.jpg]
[www.vliruos.be/en/five_year_programme_2022_2027/2626.html]
[www.vliruos.be/en/project_statistics/3633.html]
[cdn.vliruos.be/vliruos/700x0/IMG_0069.jpeg]
[cdn.vliruos.be/vliruos/700x0/foto website.jpg]
[cdn.vliruos.be/vliruos/700x0/ITP call foto.png]
[www.vliruos.be/en/news_events/our_icp_connect_2024_2025_scholarship_call_is_open/3413.html]
[www.vliruos.be/en/news_events/our_team_2024_call_is_open/3366.html]
[cdn.vliruos.be/vliruos/490x275/Copy of Untitled Design.png]
[www.vliruos.be/en/news_events/internship_turn_data_into_impact/3415.html]
[cdn.vliruos.be/vliruos/490x275/vacancy-header.jpg]
[www.vliruos.be/en/news_events/internship_ai_for_financial_control/3416.html]
[www.vliruos.be/en/news_events/internship_integration_maverick/3417.html]
[www.vliruos.be/en/news_events/community_talk_29_november_at_11_am/3412.html]
[www.vliruos.be/en/news_events/community_talk_25_october_2023_at_11_am/3396.html]
[cdn.vliruos.be/vliruos/490x275/P1020094.JPG]
[www.vliruos.be/en/news_events/community_talk_27_september_2023_at_11_am_(cet)/3359.html]
[cdn.vliruos.be/vliruos/490x275/Afbeelding1.png]
[www.vliruos.be/en/livestreamunilu.html]
[cdn.vliruos.be/vliruos/490x275/0M0A8788.jpg]
[www.vliruos.be/en/news_events/community_talk_26_july_2023_at_11_am_(cet)/3317.html]
[cdn.vliruos.be/vliruos/490x275/c6a4cd26-1bb9-888d-d8bb-acdf40d0a65b.jpeg]
[www.vliruos.be/en/news_events/our_financial_framework_has_been_updated/3305.html]
[www.vliruos.be/en/news_events/community_talk_28_june_(2pm_3pm_cet)/3308.html]
[cdn.vliruos.be/vliruos/490x275/Chaparri Community Talk - foto.JPG]
[www.vliruos.be/en/doctorateunilu.html]
[cdn.vliruos.be/vliruos/490x275/UNILU_Eredoctoraat.jpg]
[www.vliruos.be/en/news_events/community_talk_31_may_2023_(1100_am_1230_pm)_(cet)/3295.html]
[cdn.vliruos.be/vliruos/490x275/PHOTO-2022-08-10 group.jpg]
[www.vliruos.be/en/news_events/vlir_uos_projects_at_the_belgian_state_visit_to_south_africa_(march_2023)/3258.html]
[cdn.vliruos.be/vliruos/490x275/11.jpg]
[www.vliruos.be/en/news_events/call_for_icp_connect_2025_is_now_open/3290.html]
[cdn.vliruos.be/vliruos/490x275/ICP_2025.jpg]
[www.vliruos.be/en/news_events/[closed]_pre_announcement_of_the_call_icp_connect_2025/3253.html]
[www.vliruos.be/en/news_events/community_talk_29_march_2023_at_14_pm_(cet)/3243.html]
[cdn.vliruos.be/vliruos/490x275/CT march.jpg]
[www.vliruos.be/en/news_events/community_talk_22_february_2023_at_11_am_(cet)/3231.html]
[cdn.vliruos.be/vliruos/490x275/foto CT.jpg]
[www.vliruos.be/en/news_events/annual_report_2022_is_now_available/3233.html]
[cdn.vliruos.be/vliruos/490x275/foto jaarverslag.png]
[www.vliruos.be/en/news_events/[closed]_call_for_policy_supporting_programme_(psp)_is_now_open/3217.html]
[www.vliruos.be/en/news_events/[closed]_call_for_international_training_programme_(itp)_projects_2023_is_now_open/3177.html]
[cdn.vliruos.be/vliruos/490x275/ITP call image.jpg]
[www.vliruos.be/en/news_events/[closed]_call_for_short_initiative_(si)_2023_is_now_open/3150.html]
[www.vliruos.be/en/news_events/community_talks_30_november_1100_am_1230_pm_(cet)/3125.html]
[cdn.vliruos.be/vliruos/490x275/CT - UNIKIS.jpg]
[www.vliruos.be/en/news_events/[closed]_call_for_icp_connect_scholarships_2023_is_now_open/3126.html]
[cdn.vliruos.be/vliruos/490x275/OL_1.JPG]
[www.vliruos.be/en/news_events/[closed]_pre_announcement_of_the_call_for_short_initiatives_2023/2659.html]
[www.vliruos.be/en/news_events/[closed]_pre_announcement_of_the_call_for_inter/2662.html]
[www.vliruos.be/en/news_events/community_talk_28_september_at_11_am_(cet)/2620.html]
[cdn.vliruos.be/vliruos/490x275/foto mailchimp.jpg]
[www.vliruos.be/en/news_events/community_talk_26_october_2022_at_11_am_(cet)/2637.html]
[cdn.vliruos.be/vliruos/490x275/CT - foto.png]
[www.vliruos.be/en/news_events/community_talk_29_june_at_11_am_(cet)/2605.html]
[www.vliruos.be/en/news_events/this_was_forward_fest_2022/2607.html]
[cdn.vliruos.be/vliruos/490x275/Untitled design.png]
[www.vliruos.be/en/news_events/community_talk_25_may_2022_at_11_am_(cet)/2451.html]
[cdn.vliruos.be/vliruos/490x275/foto uitnodiging.jpg]
[www.vliruos.be/en/palestine.html]
[cdn.vliruos.be/vliruos/490x275/instagram-1.png]
[www.vliruos.be/en/news_events/[closed]_information_session_international_trai/2470.html]
[cdn.vliruos.be/vliruos/490x275/ITP2019.png]
[www.vliruos.be/en/news_events/womens_day_2022_gender_equality_today_for_a_sustainable_tomorrow/2450.html]
[www.vliruos.be/en/news_events/[closed]_pre_announcement_of_the_call_for_inter/2447.html]
[cdn.vliruos.be/vliruos/490x275/itp 2.jpg]
[www.vliruos.be/en/news_events/[closed]_online_submission_for_your_short_initiative_(si)_2022_is_now_open/2448.html]
[www.vliruos.be/en/news_events/community_talk_23_februari_2022_at_11_am_(cet)/2439.html]
[cdn.vliruos.be/vliruos/490x275/CT Umi.JPG]
[www.vliruos.be/en/news_events/[closed]_online_submission_for_your_team_2022_concept_note_is_now_open/2440.html]
[www.vliruos.be/en/news_events/need_inspiration_for_a_vlir_uos_project_here_are_some_ideas_for_your_project_proposal/2419.html]
[www.vliruos.be/en/news_events/have_an_enlightened_2022/2405.html]
[www.vliruos.be/en/news_events/[closed]_call_for_short_initiatives_(si)_and_te/2335.html]
[www.vliruos.be/en/news_events/community_talk_24_november_2021_at_11_am_(cet)/2188.html]
[www.vliruos.be/en/news_events/[closed]_call_for_icp_scholarships_is_open/1959.html]
[www.vliruos.be/en/news_events/connect_session_with_jooust/1516.html]
[cdn.vliruos.be/vliruos/490x275/JOOUST.jpg]
[www.vliruos.be/en/news_events/community_talk_27_october_2021_at_11_am_(cet)/1520.html]
[www.vliruos.be/en/news_events/connect_session_with_must/1515.html]
[cdn.vliruos.be/vliruos/490x275/MUST.jpg]
[www.vliruos.be/en/news_events/connect_session_with_qnu/1514.html]
[cdn.vliruos.be/vliruos/490x275/QNU.jpg]
[www.vliruos.be/en/news_events/connect_session_with_aru/1512.html]
[cdn.vliruos.be/vliruos/490x275/ARU.jpg]
[www.vliruos.be/en/news_events/community_talk_29_september_2021_at_11_am_(cet)/1481.html]
[cdn.vliruos.be/vliruos/490x275/VN 2018-123-VNUA.JPG]
[www.vliruos.be/en/news_events/connect_session_with_unilu/1511.html]
[cdn.vliruos.be/vliruos/490x275/DSC03238.jpg]
[www.vliruos.be/en/news_events/our_annual_report_2020_is_now_available/1483.html]
[www.vliruos.be/en/news_events/iuc_closing_event_31_may_4_june_2021_(cooperation_unalm_vlir_uos)/1416.html]
[www.vliruos.be/en/news_events/20_years_of_impact sharing_minds_changing_lives/1405.html]
[www.vliruos.be/en/news_events/creating_the_conditions_for_uptake/1332.html]
[www.vliruos.be/en/news_events/_share4change_looking_back_on_a_great_event/1301.html]
[www.vliruos.be/en/news_events/webolinfer_seminar_2020_(open_linked_informatio/1298.html]
[www.vliruos.be/en/news_events/[closed]_call_for_master_scholarships_2021_now_open/1286.html]
[www.vliruos.be/en/news_events/new_gender_policy_2020_2024/1278.html]
[cdn.vliruos.be/vliruos/490x275/074ff04d-17fe-4065-87e9-faf5e2dd6b26.jpg]
[www.vliruos.be/en/news_events/our_annual_report_2019_is_out/1269.html]
[www.vliruos.be/en/news_events/policy_supporting_research_in_the_fight_against_climate_change/1217.html]
[www.vliruos.be/en/news_events/ambition_of_vlir_uos_to_be_sdg_proof_in_the_nearby_future/1194.html]
[www.vliruos.be/en/news_events/world_heritage_day_the_significance_of_cultural_heritage_to_a_countrys_development/1191.html]
[cdn.vliruos.be/vliruos/490x275/Thumbnail-20VLIRUOS-Story-CulturalHeritage.png]
[www.vliruos.be/en/news_events/world_water_day_water_research_in_tanzania_and_bolivia/1190.html]
[cdn.vliruos.be/vliruos/490x275/b2a36df5f4f6a97f869e7c246e7e3e6a.png]
[www.vliruos.be/en/news_events/meanwhile_in_uganda_phd_presentations_dairy_dev/1184.html]
[cdn.vliruos.be/vliruos/fcd015a1536ed35a742b3e5be4485e66.png]
[www.vliruos.be/en/news_events/meanwhile_in_tanzania_entrepreneurial_spirits_p/1174.html]
[cdn.vliruos.be/vliruos/490x275/6b39e111cc7fee4d70fe4de226ce22a7.jpg]
[www.vliruos.be/en/news_events/new_years_event_2020_theme_gender_equality/1153.html]
[cdn.vliruos.be/vliruos/a4d14af7a824834c483bc4714f24f464.png]
[www.vliruos.be/en/news_events/evaluation_on_creating_the_conditions_for_impact_now_published/1135.html]
[cdn.vliruos.be/vliruos/6adcde93cbc9839af4b0107a0582db8a.png]
[www.vliruos.be/en/news_events/[closed]_new_call_for_scholarships_candidates_now_open/1129.html]
[cdn.vliruos.be/vliruos/a6dc907ab0b0c5861f99657274a88411.png]
[www.vliruos.be/en/news_events/annual_report_2018/1121.html]
[cdn.vliruos.be/vliruos/7bb042115402d4502ead842d5a4d9107.png]
[www.vliruos.be/en/news_events/congo_event_2019/1105.html]
[cdn.vliruos.be/vliruos/490x275/14cb92a0496c55043772dd8bf602577d.jpg]
[www.vliruos.be/en/news_events/(dutch_opinion)_het_beeld_van_het_rijke_westen_/1114.html]
[cdn.vliruos.be/vliruos/5dcc8e51dc0282fea92f7fc076866696.png]
[www.vliruos.be/en/news_events/[closed]_finally…_a_new_iuc_call/1092.html]
[cdn.vliruos.be/vliruos/c6458bf5ec6ef56a908d0a00fee2ff59.png]
[www.vliruos.be/en/news_events/throwback_to_15_may_honorary_degrees/1081.html]
[cdn.vliruos.be/vliruos/6608428a4b49d200374e052d9545c724.png]
[www.vliruos.be/en/news_events/opinion_problems_in_the_south_are_our_problems_(dutch_article)/1079.html]
[cdn.vliruos.be/vliruos/ca36d3ea6c5cf1b1ddfe9def8987badc.png]
[www.vliruos.be/en/news_events/taking_stock_of_our_iuc_project_in_meknes_morocco/1078.html]
[cdn.vliruos.be/vliruos/490x275/bfee4dce0227442197b1a18ce31a8b2a.JPG]
[www.vliruos.be/en/news_events/sharing_minds_in_the_iuc_review_consultation_workshop/1077.html]
[cdn.vliruos.be/vliruos/a925042790219f70da24d9c1ad3ca39f.png]
[www.vliruos.be/en/honorary-degrees-uos.html]
[cdn.vliruos.be/vliruos/ac98ec5c83583539989316e6405ea4c9.png]
[www.vliruos.be/en/news_events/22_march_world_water_day_master_of_oceans_and_lakes_in_the_picture/1075.html]
[cdn.vliruos.be/vliruos/b9da369c3c1dbbeeeb1997b7bb8123a0.png]
[www.vliruos.be/en/news_events/3rd_annual_meeting_between_vlir_uos_and_arba_minch_university/1074.html]
[cdn.vliruos.be/vliruos/fea1987a8af26795f5a70265d1293dd3.png]
[www.vliruos.be/en/news_events/premium_article_beating_the_odds_in_mozambique/1186.html]
[cdn.vliruos.be/vliruos/dc0c0f10a2f6e54712d63f32cce0961e.png]
[www.vliruos.be/en/news_events/meanwhile_in_santa_cruz_bolivia…/1072.html]
[cdn.vliruos.be/vliruos/c8b49625f20e2b14f8cb3e92dd611c35.png]
[www.vliruos.be/en/news_events/vietnam_delegation_visits_belgium/1065.html]
[cdn.vliruos.be/vliruos/1693f8c492f2844ed15babeb3ad5ba50.png]
[www.vliruos.be/en/news_events/[closed]_vlir_uos_launches_two_new_calls_are_you_ready_to_apply/1064.html]
[cdn.vliruos.be/vliruos/90d6276f509e473002f8f13f968af206.png]
[www.vliruos.be/en/news_events/watch_the_aftermovie_of_the_20_years_event_@_bozar/1041.html]
[cdn.vliruos.be/vliruos/3d96cda4275853ec5215fe01484cb53f.png]
[www.vliruos.be/en/news_events/phase_2_of_the_iuc_programme_with_the_nelson_ma/1035.html]
[cdn.vliruos.be/vliruos/f4449e45ec8c0b5300448541c0a56512.png]
[www.vliruos.be/en/news_events/mountains_of_the_moon_university_and_vlir_uos_l/1022.html]
[cdn.vliruos.be/vliruos/490x275/da9553b38d865751da337f4391216a62.jpg]
[www.vliruos.be/en/news_events/vlir_uos_signs_the_gender_charter/1011.html]
[cdn.vliruos.be/vliruos/a303b6eb85714dd4c260d6ba673bdd4c.png]
[www.vliruos.be/en/news_events/our_annual_report_for_2017/992.html]
[cdn.vliruos.be/vliruos/490x275/7e0d3df542557e849111a8ff8c2189cd.png]
[www.vliruos.be/en/news_events/ethiopian_universities_partner_up_with_ku_leuven_for_new_types_of_projects/983.html]
[cdn.vliruos.be/vliruos/490x275/7948798eb1c3bae68ca08fcb8ff735a8.jpg]
[www.vliruos.be/en/news_events/vlir_uos_signs_belgian_development_cooperations_integrity_charter/580.html]
[cdn.vliruos.be/vliruos/490x275/ef85d61b8d9e513fda4678391f0259d4.jpg]
[www.vliruos.be/en/news_events/ku_leuven_launches_alumni_chapter_ethiopia/53.html]
[cdn.vliruos.be/vliruos/758a93ae33d210c7dcbc8dec56a2b4e8.png]
[www.vliruos.be/en/news-events.html]
[cdn.vliruos.be/vliruos/6ec29ffc16358ab6ede3a6a84b5ee298.jpg]
[cdn.vliruos.be/vliruos/b1975a1e04832eb246d65f5a74ef222a.jpg]
[cdn.vliruos.be/vliruos/26d58f7d9826bb6d2a6de1ac5c5fd549.jpg]
[cdn.vliruos.be/vliruos/4a2715fe0403bd756c320946069eaaba.jpg]
[cdn.vliruos.be/vliruos/d3ee11712542a63940c07ae7a15fdb47.png]
[cdn.vliruos.be/vliruos/fe51e588ee5894571cba013def93ea27.jpg]
[cdn.vliruos.be/vliruos/688207aa9a79c2c5d036250806a958af.png]
[cdn.vliruos.be/vliruos/a1a9ad04b6d8b3c2539ab5f4f5ef9256.jpg]
[cdn.vliruos.be/vliruos/c7233166765fbaea6f949c9361b1501f.png]
[cdn.vliruos.be/vliruos/12bcce489cf1cd65a5c8d451062d0475.jpg]
[cdn.vliruos.be/vliruos/0890ed46dfac72833b522e71a02028f6.png]
[cdn.vliruos.be/vliruos/34142ef61847e15871e5d4413b012c48.jpg]
[www.vliruos.be/en/documents/129.html]
[www.vliruos.be/en/stories/hoang_thi_hang_and_bui_thang_trang/3406.html]
[cdn.vliruos.be/vliruos/380x380/Hoang Hang 2.jpg]
[www.vliruos.be/en/stories/todos_y_todas_por_chaparri/3614.html]
[cdn.vliruos.be/vliruos/380x380/Chaparri Community Talk - foto.JPG]
[www.vliruos.be/en/stories/what_will_we_eat_in_2050/3625.html]
[cdn.vliruos.be/vliruos/380x380/3[1].png]
[www.vliruos.be/en/stories/daniel_melo/1066.html]
[cdn.vliruos.be/vliruos/380x380/d8c172aeab5df60b5fb0badd1121d5a1.jpg]
[www.vliruos.be/en/stories/professor_karen_vancampenhout/64.html]
[cdn.vliruos.be/vliruos/63f26e6b578bf64285edac4223f3148e.png]
[www.vliruos.be/en/stories/ellen_seys/61.html]
[cdn.vliruos.be/vliruos/0892017180482cf7826a09a92124fc9f.png]
[www.vliruos.be/en/stories/bart_van_der_bruggen/63.html]
[cdn.vliruos.be/vliruos/385e19fafce81819405985403014a712.png]
[www.vliruos.be/en/stories/60.html]
[cdn.vliruos.be/vliruos/1920x600/call TeamSI.jpg]
[www.vliruos.be/en/ongoing_calls/open_calls/call_short_initiatives_(si)_2023/3127.html]
[www.vliruos.be/en/ongoing_calls/1523.html]
[cdn.vliruos.be/vliruos/1920x600/ITPcallfoto.png]
[www.vliruos.be/en/en/ongoingcalls/opencalls/callforicpconnect2025stage2.html]
[www.vliruos.be/en/ongoing_calls/open_calls/call_international_training_programme_projects_(itp)_2024/3368.html]
[www.vliruos.be/en/call_types/1566.html]
[www.vliruos.be/en/en/ongoingcalls/opencalls/callforicpconnect2025stage1.html]
[www.vliruos.be/en/community_talks/RGB 114 185 210.png]
[cdn.vliruos.be/vliruos/Picture 1.jpeg]
[cdn.vliruos.be/vliruos/APR_Embo_Rwanda_WJ1_Photo.jpg]
[cdn.vliruos.be/vliruos/original_cropped(31).png]
[cdn.vliruos.be/vliruos/Foto Leo.JPG]
[www.vliruos.be/en/community_talks/1366.html]
[www.vliruos.be/css/style43a0.css]
[www.vliruos.be/css/editf87f.css]
[www.vliruos.be/en/privacypolicy/1231.html]
[www.vliruos.be/en/ongoing_calls/open_calls/call_short_initiatives_(si)_projects_2022/infopagina_belgian_non_go/2264.24c.delaye]
[cdn.webdoos.io/vliruos/E_SDG_poster_UN_emblem_WEB 2020.png]
[cdn.vliruos.be/vliruos/950x0/online tool 2.jpg]
[www.vliruos.be/en/ongoing_calls/open_calls/call_short_initiatives_(si)_projects_2022/infopagina_more_ideas_for/2423.24d.delaye]
[cdn.vliruos.be/vliruos/950x0/CT Umi.JPG]
[www.vliruos.be/en/news_events/need_inspiration_for_a_short_initiative_(si)_or/2419.html]
[cdn.vliruos.be/vliruos/IMG_0069.jpeg]
[cdn.webdoos.io/vliruos/IMG_0069.jpg]
[cdn.vliruos.be/vliruos/950x0/foto website.jpg]
[www.vliruos.be/en/news_events/job_alert_we_are_looking_for_an_experienced_finance_coordinator/3418.html]
[cdn.vliruos.be/vliruos/950x0/IMG_0069.jpeg]
[cdn.vliruos.be/vliruos/950x0/ITP call foto.png]
[www.vliruos.be/en/news_events/community_talk_20_december_at_11_am_primafamed/3461.html]
[cdn.webdoos.io/vliruos/ITP call foto.png]
[cdn.vliruos.be/vliruos/950x0/Copy of Untitled Design.png]
[www.vliruos.be/en/news_events/our_itp_2024_call_is_open/3367.html]
[cdn.vliruos.be/vliruos/940x520/Huong Nguyen Thi Thanh.jpg]
[cdn.vliruos.be/vliruos/950x0/3[1].png]
[cdn.vliruos.be/vliruos/950x0/d8c172aeab5df60b5fb0badd1121d5a1.jpg]
[www.vliruos.be/en/stories/nguyen_thi_thanh_huong/1517.html]
[www.vliruos.be/en/privacy_policy/1231.html]
[www.vliruos.be/en/about_vlir_uos/en/contact/28.html]
[www.vliruos.be/en/icpconnect-scholarships.html]
[www.vliruos.be/en/scholarships/scholarships_in_flanders/scholarships_for_masters_(icp_connect)/one_year/master/2763.25f.delaye]
[www.vliruos.be/en/scholarships/scholarships_in_flanders/scholarships_for_masters_(icp_connect)/one_year/master/2697.260.delaye]
[cdn.vliruos.be/vliruos/1600x690/9cf105d81352ef51ed50a8022bf50c5f.JPG]
[www.vliruos.be/en/scholarships/scholarships_in_flanders/scholarships_for_masters_(icp_connect)/one_year/master/2711.261.delaye]
[www.vliruos.be/en/scholarships/travel_grants/2667.html]
[www.vliruos.be/en/scholarships/scholarships_in_flanders/scholarships_for_masters_(icp_connect)/one_year/master/2717.262.delaye]
[www.vliruos.be/en/scholarships/scholarships_in_flanders/scholarships_for_masters_(icp_connect)/one_year/master/2723.263.delaye]
[cdn.vliruos.be/vliruos/940x520/927e299cb3722835ef4d723b3a28a119.jpg]
[www.vliruos.be/en/scholarships/scholarships_in_flanders/scholarships_for_masters_(icp_connect)/two_year/intern/2742.264.delaye]
[www.vliruos.be/en/scholarships/scholarships_in_flanders/scholarships_for_masters_(icp_connect)/two_year/intern/2748.265.delaye]
[cdn.vliruos.be/vliruos/30b56f642b75d26f3887ea2857956451.png]
[www.vliruos.be/en/scholarships/scholarships_in_flanders/scholarships_for_masters_(icp_connect)/two_year/master/2736.266.delaye]
[cdn.vliruos.be/vliruos/950x0/2285761493c76b3047554e4e0bcc83f1.png]
[www.vliruos.be/en/stories/rose_baudoncq/62.html]
[www.vliruos.be/en/scholarships/scholarships_in_flanders/scholarships_for_masters_(icp_connect)/two_year/master/2730.267.delaye]
[www.vliruos.be/en/scholarships/scholarships_in_flanders/scholarships_for_masters_(icp_connect)/two_year/master/2764.268.delaye]
[www.vliruos.be/en/news_events/connect_with_unilu_on_15_september_2021/1511.html]
[www.vliruos.be/en/scholarships/scholarships_in_flanders/scholarships_for_masters_(icp_connect)/two_year/master/2769.269.delaye]
[www.vliruos.be/en/news_events/connect_with_aru_on_1_october_2021_at_10_am_(cet)/1512.html]
[www.vliruos.be/en/news_events/connect_with_qnu_on_7_october_2021_at_9_am_(cet)/1514.html]
[www.vliruos.be/en/news_events/connect_with_must_on_14_october_2021_at_5_pm_(cet)/1515.html]
[www.vliruos.be/en/scholarships/scholarships_in_flanders/scholarships_for_masters_(icp_connect)/two_year/master/2767.26a.delaye]
[cdn.webdoos.io/vliruos/iuc platform button.png]
[www.vliruos.be/en/project_funding/intervention_types_in_partner_countries/institutional_university_cooperation_(i/86.47.delaye]
[www.vliruos.be/en/project_funding/intervention_types_in_partner_countries/network_university_cooperation_(network/87.48.delaye]
[www.vliruos.be/en/projects/20bcfa.html]
[www.vliruos.be/en/scholarships/scholarships_in_flanders/scholarships_for_masters_(icp_connect)/two_year/master/2768.26c.delaye]
[www.vliruos.be/en/scholarships/scholarships_in_flanders/scholarships_for_masters_(icp_connect)/two_year/master/2766.26b.delaye]
[cdn.webdoos.io/vliruos/FYP2 project country list(2).jpg]
[www.vliruos.be/en/scholarships/scholarships_in_flanders/scholarships_for_masters_(icp_connect)/initial_masters/2765.26d.delaye]
[www.vliruos.be/en/scholarships/scholarships_in_flanders/scholarships_for_masters_(icp_connect)/initial_masters/2764.26e.delaye]
[www.vliruos.be/en/scholarships/scholarships_in_flanders/scholarships_for_masters_(icp_connect)/initial_masters/2766.26f.delaye]
[www.vliruos.be/en/ongoing_calls/open_calls/call_team_projects_2024_stage_1_concept_notes/3334.html]
[www.vliruos.be/en/scholarships/scholarships_in_flanders/scholarships_for_masters_(icp_connect)/initial_masters/2767.270.delaye]
[www.vliruos.be/en/scholarships/scholarships_in_flanders/scholarships_for_masters_(icp_connect)/initial_masters/2768.271.delaye]
[cdn.vliruos.be/vliruos/f3f5c8a724e0cbe06491d3910c333925.jpg]
[www.vliruos.be/en/scholarships/scholarships_in_flanders/scholarships_for_masters_(icp_connect)/initial_masters/2769.272.delaye]
[www.vliruos.be/en/call_types/project_funding/team_projects/1596.html]
[www.vliruos.be/en/call_types/scholarships/scholarships_for_masters_(icp_connect)/1569.html]
[www.vliruos.be/en/scholarships/scholarships_in_flanders/scholarships_for_masters_(icp_connect)/initial_masters/2730.273.delaye]
[www.vliruos.be/en/scholarships/scholarships_in_flanders/scholarships_for_masters_(icp_connect)/initial_masters/2736.274.delaye]
[www.vliruos.be/en/scholarships/scholarships_in_flanders/scholarships_for_masters_(icp_connect)/initial_masters/2742.275.delaye]
[www.vliruos.be/en/scholarships/scholarships_in_flanders/scholarships_for_masters_(icp_connect)/initial_masters/2748.276.delaye]
[www.vliruos.be/en/scholarships/scholarships_in_flanders/scholarships_for_masters_(icp_connect)/advanced_master/2763.277.delaye]
[cdn.webdoos.io/vliruos/dryland behind BaLai dam.jpg]
[www.vliruos.be/en/call_types/project_funding/short_initiatives_(si)/1587.html]
[www.vliruos.be/en/scholarships/scholarships_in_flanders/scholarships_for_masters_(icp_connect)/advanced_master/2697.278.delaye]
[www.vliruos.be/en/scholarships/scholarships_in_flanders/scholarships_for_masters_(icp_connect)/advanced_master/2711.279.delaye]
[www.vliruos.be/en/scholarships/scholarships_in_flanders/scholarships_for_masters_(icp_connect)/advanced_master/2717.27a.delaye]
[www.vliruos.be/en/scholarships/scholarships_in_flanders/scholarships_for_masters_(icp_connect)/advanced_master/2723.27b.delaye]
[cdn.vliruos.be/vliruos/TOC-ITP.jpg]
[www.vliruos.be/en/call_types/project_funding/international_training_programmes_(itp)/2415.html]
[www.vliruos.be/en/project_funding/intervention_types_in_belgium/global_minds/92.html]
[www.vliruos.be/en/projects/2084a0.html]
[www.vliruos.be/en/project_funding/intervention_types_in_belgium/policy_supporting_research/95.html]
[www.vliruos.be/en/projects/204014.html]
[cdn.vliruos.be/vliruos/original_cropped(9).png]
[www.vliruos.be/en/countries/africa/benin/223.html]
[cdn.vliruos.be/vliruos/fbd1ff2464d1c7f76752fdc4de594e11.png]
[www.vliruos.be/en/countries/africa/burkina_faso/224.html]
[cdn.vliruos.be/vliruos/e4b736991665ebd16bbab46877cd69e6.png]
[cdn.vliruos.be/vliruos/600x600/928e494d3b86ce76158d06bc57a721e7.png]
[www.vliruos.be/en/countries/africa/burundi/101.html]
[cdn.vliruos.be/vliruos/094b6ef91632c0449ec724d58997c1f6.png]
[www.vliruos.be/en/countries/africa/cameroon/226.html]
[cdn.vliruos.be/vliruos/903228a9671848cf54dcf334dd600b25.png]
[cdn.vliruos.be/vliruos/600x600/7aeb10593548ed964c2777e557e6e8ea.jpg]
[www.vliruos.be/en/countries/africa/democratic_republic_of_the_congo/102.html]
[cdn.vliruos.be/vliruos/1855d0c951cde73ca7808bca873a2b25.png]
[www.vliruos.be/en/countries/africa/ethiopia/103.html]
[cdn.vliruos.be/vliruos/e4104b2f3e9cfd18548faf16bbdfd26e.png]
[www.vliruos.be/en/countries/africa/guinea/225.html]
[cdn.vliruos.be/vliruos/1bc1d61abd2381022b39a297065edf21.png]
[www.vliruos.be/en/countries/africa/kenya/104.html]
[cdn.vliruos.be/vliruos/a30d6dce8d46713095701efb000a8d29.png]
[www.vliruos.be/en/countries/africa/madagascar/227.html]
[cdn.vliruos.be/vliruos/4ca36fa662ab65d0cc7346a6c9a44e07.png]
[www.vliruos.be/en/countries/africa/morocco/105.html]
[cdn.vliruos.be/vliruos/07bcf7e3aff3fc6c7ce0e331d158eecf.png]
[www.vliruos.be/en/countries/africa/mozambique/218.html]
[cdn.vliruos.be/vliruos/9c6ba73f6d1d1801c942641580f884a3.png]
[www.vliruos.be/en/countries/africa/niger/229.html]
[cdn.vliruos.be/vliruos/bf61fd729aaa7c7be5e1d6d2fd345280.png]
[www.vliruos.be/en/countries/africa/rwanda/219.html]
[cdn.vliruos.be/vliruos/bb91d9fb4167e187c858dfdaf94eab48.png]
[www.vliruos.be/en/countries/africa/senegal/230.html]
[cdn.vliruos.be/vliruos/3cdccbab66280c999551666966ec25b9.png]
[www.vliruos.be/en/countries/africa/south_africa/222.html]
[cdn.vliruos.be/vliruos/b09dab87fc2cdced0ffd3b7c12ea624e.png]
[www.vliruos.be/en/countries/africa/tanzania/220.html]
[cdn.vliruos.be/vliruos/0cb9b9db309d0a1a6d7b5fb26bf98039.png]
[www.vliruos.be/en/countries/africa/uganda/221.html]
[cdn.vliruos.be/vliruos/083a538e2c0ccd75c112eca698d85698.png]
[www.vliruos.be/en/countries/africa/zimbabwe/231.html]
[cdn.vliruos.be/vliruos/44271d181ab4366b2801012f0979a725.png]
[www.vliruos.be/en/countries/asia/cambodia/106.html]
[cdn.vliruos.be/vliruos/f4a49e19deba09c92a9ace5717af4cd1.png]
[cdn.vliruos.be/vliruos/600x600/2c21378361e1455cc020209b9644d763.jpg]
[www.vliruos.be/en/countries/asia/indonesia/108.html]
[cdn.vliruos.be/vliruos/24049637cae953ba83e61063b98401b5.png]
[www.vliruos.be/en/countries/asia/palestinian_territories/233.html]
[cdn.vliruos.be/vliruos/da63ca08e7150d9a5070f65917990014.png]
[www.vliruos.be/en/countries/asia/philippines/107.html]
[cdn.vliruos.be/vliruos/3e7ed9ea3866129fae0c03c140412b6b.png]
[www.vliruos.be/en/countries/asia/vietnam/109.html]
[cdn.vliruos.be/vliruos/d16b81fe183e7d230ca7f2c2caac3225.png]
[cdn.vliruos.be/vliruos/600x600/356f01e3ebbb610e9fc62e8a13cff9cf.jpg]
[www.vliruos.be/en/countries/latin_america/bolivia/110.html]
[cdn.vliruos.be/vliruos/43f7b147d6a5db438f563be364ba64d7.png]
[www.vliruos.be/en/countries/latin_america/cuba/234.html]
[cdn.vliruos.be/vliruos/d46f1f0698217db0d4133d4bbc4fa99b.png]
[www.vliruos.be/en/countries/latin_america/ecuador/235.html]
[cdn.vliruos.be/vliruos/c00a60c83f9750281aef7a8cc330fe18.png]
[www.vliruos.be/en/countries/latin_america/haiti/240.html]
[cdn.vliruos.be/vliruos/960x500/nicaragua 2.jpg]
[www.vliruos.be/en/countries/latin_america/nicaragua/236.html]
[cdn.vliruos.be/vliruos/82fd6078463ef5112cfa7685ef35d314.png]
[www.vliruos.be/en/countries/latin_america/peru/237.html]
[www.vliruos.be/en/projects/project/22843e.html]
[www.vliruos.be/en/projects/project/22429d.html]
[www.vliruos.be/en/projects/project/22cbfb.html]
[www.vliruos.be/en/projects/project/22ed1d.html]
[www.vliruos.be/en/projects/project/226abb.html]
[www.vliruos.be/en/projects/project/226e55.html]
[www.vliruos.be/en/projects/project/2223f4.html]
[www.vliruos.be/en/projects/project/22e7eb.html]
[www.vliruos.be/en/projects/project/222514.html]
[www.vliruos.be/en/projects/project/220973.html]
[www.vliruos.be/en/projects/project/22a7c5.html]
[www.vliruos.be/en/projects/project/229375.html]
[www.vliruos.be/en/projects/project/22199f.html]
[www.vliruos.be/en/projects/project/22.html]
[www.vliruos.be/en/project_funding/intervention_types_in_belgium/international_master_programmes_(icp)/94]
[www.vliruos.be/en/projects/project/22caf7.html]
[www.vliruos.be/en/projects/project/2233a9.html]
[www.vliruos.be/en/projects/project/22daf9.html]
[www.vliruos.be/en/projects/project/22eab6.html]
[www.vliruos.be/en/projects/project/2200b3.html]
[www.vliruos.be/en/projects/project/22d607.html]
[www.vliruos.be/en/projects/project/22fad0.html]
[www.vliruos.be/en/projects/project/225b25.html]
[www.vliruos.be/en/projects/project/22f6b3.html]
[www.vliruos.be/en/projects/project/2285ff.html]
[www.vliruos.be/en/projects/project/22b3b1.html]
[www.vliruos.be/en/projects/project/224d15.html]
[www.vliruos.be/en/projects/project/222849.html]
[www.vliruos.be/en/projects/project/22cbc0.html]
[www.vliruos.be/en/projects/project/229073.html]
[www.vliruos.be/en/projects/project/22f977.html]
[www.vliruos.be/en/projects/project/229c66.html]
[www.vliruos.be/en/projects/project/224c73.html]
[cdn.vliruos.be/vliruos/400x0/b4ace43f498ae6cd5afadf27f693b788.png]
[www.vliruos.be/en/projects/project/22120d.html]
[www.vliruos.be/en/projects/project/22252b.html]
[www.vliruos.be/en/projects/project/22aad6.html]
[www.vliruos.be/en/projects/project/224d13.html]
[cdn.vliruos.be/vliruos/400x0/4ec392a38b6789e1763c2b2af4cc5db2.jpg]
[www.vliruos.be/en/projects/project/2239b6.html]
[cdn.vliruos.be/vliruos/400x0/7aeb10593548ed964c2777e557e6e8ea.jpg]
[cdn.vliruos.be/vliruos/400x0/7ad6686b80c46c2f4da5546d89f53ecb.jpg]
[www.vliruos.be/en/projects/project/22d495.html]
[cdn.vliruos.be/vliruos/400x0/f091e170d4a45cfdf2aff77045b8c43b.png]
[www.vliruos.be/en/projects/project/22cca6.html]
[www.vliruos.be/en/projects/project/220fa0.html]
[www.vliruos.be/en/projects/project/223499.html]
[www.vliruos.be/en/projects/project/224d95.html]
[www.vliruos.be/en/projects/project/22bc2d.html]
[www.vliruos.be/en/projects/project/228b7f.html]
[cdn.vliruos.be/vliruos/400x0/2bda9804903e431cc835d13f147f4ecc.JPG]
[www.vliruos.be/en/projects/project/22500d.html]
[www.vliruos.be/en/projects/project/227017.html]
[cdn.vliruos.be/vliruos/400x0/2c21378361e1455cc020209b9644d763.jpg]
[www.vliruos.be/en/projects/project/225e27.html]
[cdn.vliruos.be/vliruos/400x0/cd64a2cde57abcf0b6d17fe70935f771.jpg]
[www.vliruos.be/en/projects/project/22b29c.html]
[www.vliruos.be/en/projects/project/2273ca.html]
[www.vliruos.be/en/projects/project/2214a2.html]
[www.vliruos.be/en/projects/project/2287d2.html]
[www.vliruos.be/en/projects/project/222b87.html]
[www.vliruos.be/en/projects/project/22c1bb.html]
[www.vliruos.be/en/projects/project/22dfce.html]
[www.vliruos.be/en/projects/project/22d140.html]
[www.vliruos.be/en/projects/project/22f7eb.html]
[www.vliruos.be/en/projects/project/220d03.html]
[www.vliruos.be/en/projects/project/224a9e.html]
[www.vliruos.be/en/projects/project/224fe5.html]
[www.vliruos.be/en/projects/project/222cc1.html]
[www.vliruos.be/en/projects/project/22e236.html]
[www.vliruos.be/en/projects/project/22b32e.html]
[www.vliruos.be/en/projects/project/22e87f.html]
[www.vliruos.be/en/projects/project/22ead5.html]
[www.vliruos.be/en/projects/project/2297ae.html]
[www.bert-danckaert.be/mindmap.png]
[www.vliruos.be/en/projects/project/22b088.html]
[www.vliruos.be/en/projects/project/220b8d.html]
[www.vliruos.be/en/projects/project/22de0b.html]
[www.vliruos.be/en/projects/project/221e52.html]
[cdn.vliruos.be/vliruos/400x0/14cb92a0496c55043772dd8bf602577d.jpg]
[www.vliruos.be/en/projects/project/22363c.html]
[www.vliruos.be/en/projects/project/22a706.html]
[www.vliruos.be/en/projects/project/22237c.html]
[www.vliruos.be/en/projects/project/225178.html]
[www.vliruos.be/en/projects/208e73.html]
[www.vliruos.be/en/projects/project/221730.html]
[www.vliruos.be/en/projects/project/22f852.html]
[www.vliruos.be/en/projects/project/225204.html]
[www.vliruos.be/en/projects/project/22452a.html]
[www.vliruos.be/en/projects/project/2216c5.html]
[www.vliruos.be/en/projects/project/22fd11.html]
[www.vliruos.be/en/projects/project/228d92.html]
[www.vliruos.be/en/projects/project/2226f7.html]
[www.vliruos.be/en/projects/project/226088.html]
[cdn.vliruos.be/vliruos/400x0/db46558fa962c4db1dbdb9f5d27def06.jpg]
[cdn.vliruos.be/vliruos/400x0/a10e6bd576c88cfc273867addb735578.png]
[www.vliruos.be/en/projects/project/2212fe.html]
[www.vliruos.be/en/projects/project/22b159.html]
[www.vliruos.be/en/projects/project/220d45.html]
[www.vliruos.be/en/projects/project/22f7c1.html]
[www.vliruos.be/en/projects/project/229e80.html]
[www.vliruos.be/en/projects/project/22b1d8.html]
[www.vliruos.be/en/projects/project/2295e6.html]
[www.vliruos.be/en/projects/project/22c15e.html]
[www.vliruos.be/en/projects/project/222819.html]
[www.vliruos.be/en/projects/project/2204f2.html]
[www.vliruos.be/en/projects/project/220b2a.html]
[www.vliruos.be/en/projects/project/2223f3.html]
[www.vliruos.be/en/projects/project/22a192.html]
[www.vliruos.be/en/projects/project/22b291.html]
[www.vliruos.be/en/projects/project/225aca.html]
[www.vliruos.be/en/projects/project/22ba5e.html]
[cdn.vliruos.be/vliruos/400x0/46e6d713d2c38e441d4d6736e73bd573.jpg]
[www.vliruos.be/en/projects/project/2257be.html]
[www.vliruos.be/en/projects/project/223481.html]
[www.vliruos.be/en/projects/project/22b2d0.html]
[www.vliruos.be/en/projects/project/22cdcc.html]
[www.vliruos.be/en/projects/project/22f283.html]
[www.vliruos.be/en/projects/project/2254e9.html]
[www.vliruos.be/en/projects/project/228903.html]
[www.vliruos.be/en/projects/project/22e0cc.html]
[www.vliruos.be/en/projects/project/229d6d.html]
[www.vliruos.be/en/projects/project/22c70a.html]
[www.vliruos.be/en/projects/project/226a4f.html]
[www.vliruos.be/en/projects/project/227f2b.html]
[www.vliruos.be/en/projects/project/22ee33.html]
[www.vliruos.be/en/projects/project/22bc67.html]
[www.vliruos.be/en/projects/project/223e8c.html]
[www.vliruos.be/en/projects/project/22227c.html]
[www.vliruos.be/en/projects/project/22e2b9.html]
[www.vliruos.be/en/projects/project/225020.html]
[www.vliruos.be/en/projects/project/22e1cf.html]
[www.vliruos.be/en/projects/project/225a5d.html]
[www.vliruos.be/en/projects/project/229504.html]
[www.vliruos.be/en/projects/project/227e40.html]
[www.vliruos.be/en/projects/project/229d28.html]
[cdn.vliruos.be/vliruos/400x0/cea7327714c9462814606ba0d85ccc81.png]
[www.vliruos.be/en/projects/project/223f85.html]
[www.vliruos.be/en/projects/project/22a042.html]
[www.vliruos.be/en/projects/project/22d8b3.html]
[www.vliruos.be/en/projects/project/22bccd.html]
[www.vliruos.be/en/projects/project/22698f.html]
[www.vliruos.be/en/projects/project/228bb8.html]
[www.vliruos.be/en/projects/project/229f7b.html]
[www.vliruos.be/en/projects/project/222bcc.html]
[www.vliruos.be/en/projects/project/224056.html]
[cdn.vliruos.be/vliruos/400x0/d6f69a8fa52590dfa9d70a680ab5a1b2.jpg]
[www.vliruos.be/en/projects/project/223614.html]
[www.vliruos.be/en/projects/project/220313.html]
[www.vliruos.be/en/projects/project/226e68.html]
[www.vliruos.be/en/projects/project/22d4fd.html]
[www.vliruos.be/en/projects/project/22e418.html]
[www.vliruos.be/en/projects/project/229f22.html]
[www.vliruos.be/en/projects/project/220eaa.html]
[www.vliruos.be/en/projects/project/225414.html]
[www.vliruos.be/en/projects/project/223c3f.html]
[www.vliruos.be/en/projects/project/22d8bf.html]
[www.vliruos.be/en/projects/project/22971f.html]
[www.vliruos.be/en/projects/project/22c607.html]
[www.vliruos.be/en/projects/project/22d50f.html]
[www.vliruos.be/en/projects/project/223f0b.html]
[www.vliruos.be/en/projects/project/223211.html]
[www.vliruos.be/en/projects/project/2264bf.html]
[www.vliruos.be/en/projects/project/22a112.html]
[www.vliruos.be/en/projects/project/22aa7c.html]
[www.vliruos.be/en/projects/project/222d2e.html]
[www.vliruos.be/en/projects/project/220b4f.html]
[www.vliruos.be/en/projects/project/221baa.html]
[www.vliruos.be/en/projects/project/225098.html]
[cdn.vliruos.be/vliruos/400x0/062cb5f74f215b5dfb6d2af2a4a0b1d8.jpg]
[www.vliruos.be/en/projects/206b18.html]
[www.vliruos.be/en/projects/project/22adc8.html]
[www.vliruos.be/en/projects/project/228dd9.html]
[www.vliruos.be/en/projects/project/223b99.html]
[www.vliruos.be/en/projects/project/2217e5.html]
[www.vliruos.be/en/projects/project/22fb92.html]
[www.vliruos.be/en/projects/project/2237e0.html]
[www.vliruos.be/en/projects/project/22f310.html]
[www.vliruos.be/en/projects/project/22058e.html]
[www.vliruos.be/en/projects/project/22c593.html]
[www.vliruos.be/en/projects/project/222f2c.html]
[www.vliruos.be/en/projects/project/227e04.html]
[www.vliruos.be/en/projects/project/221554.html]
[www.vliruos.be/en/projects/project/229002.html]
[www.vliruos.be/en/projects/project/220565.html]
[www.vliruos.be/en/projects/project/2226cc.html]
[cdn.vliruos.be/vliruos/400x0/dc47b8f77abf878e304d2d3eab392cdb.png]
[www.vliruos.be/en/projects/project/227a1d.html]
[cdn.vliruos.be/vliruos/400x0/nicaragua 2.jpg]
[www.vliruos.be/en/projects/project/2222d5.html]
[www.vliruos.be/en/projects/project/22edbb.html]
[www.vliruos.be/en/projects/project/22d992.html]
[www.vliruos.be/en/projects/project/22713e.html]
[www.vliruos.be/en/projects/project/22ceed.html]
[www.vliruos.be/en/projects/project/22d7cf.html]
[www.vliruos.be/en/projects/project/228cee.html]
[www.vliruos.be/en/projects/project/224cbb.html]
[www.vliruos.be/en/projects/project/22f830.html]
[www.vliruos.be/en/projects/project/2204b1.html]
[www.vliruos.be/en/projects/project/227d2b.html]
[www.vliruos.be/en/projects/project/22fe6a.html]
[cdn.vliruos.be/vliruos/400x0/0fe2f609357ab6537997d026af9cf0a3.png]
[www.vliruos.be/en/projects/project/2211c4.html]
[www.vliruos.be/en/projects/project/223244.html]
[www.vliruos.be/en/projects/project/2274a9.html]
[www.vliruos.be/en/projects/project/22d24c.html]
[www.vliruos.be/en/projects/project/22e941.html]
[www.vliruos.be/en/projects/project/229145.html]
[cdn.vliruos.be/vliruos/400x0/e3fcc671c253a9de140a0b7e57591eb8.png]
[www.vliruos.be/en/projects/project/226d13.html]
[www.vliruos.be/en/projects/project/2253f5.html]
[www.vliruos.be/en/projects/project/2288ec.html]
[www.vliruos.be/en/projects/project/223ea6.html]
[www.vliruos.be/en/projects/project/2250c4.html]
[www.vliruos.be/en/projects/project/22df1b.html]
[www.vliruos.be/en/projects/project/228bcd.html]
[www.vliruos.be/en/projects/project/22044b.html]
[www.vliruos.be/en/projects/project/2292f4.html]
[www.vliruos.be/en/projects/project/22e16f.html]
[www.vliruos.be/en/projects/project/22a35a.html]
[www.vliruos.be/en/projects/project/22b4fb.html]
[www.vliruos.be/en/projects/project/226ffe.html]
[www.vliruos.be/en/projects/project/225df9.html]
[www.vliruos.be/en/projects/project/22abdd.html]
[www.vliruos.be/en/projects/project/2222c8.html]
[www.vliruos.be/en/projects/project/221a78.html]
[www.vliruos.be/en/projects/project/225e03.html]
[www.vliruos.be/en/projects/project/22927c.html]
[www.vliruos.be/en/projects/project/228ae9.html]
[www.vliruos.be/en/projects/project/22f42f.html]
[www.vliruos.be/en/projects/project/22f536.html]
[www.vliruos.be/en/projects/project/228f1a.html]
[www.vliruos.be/en/projects/project/22e9c7.html]
[www.vliruos.be/en/projects/project/225984.html]
[www.vliruos.be/en/projects/project/22d33c.html]
[www.vliruos.be/en/projects/project/222f0b.html]
[www.vliruos.be/en/projects/project/222a72.html]
[www.vliruos.be/en/projects/project/227a70.html]
[www.vliruos.be/en/projects/project/22c6e4.html]
[www.vliruos.be/en/projects/project/22ca0a.html]
[www.vliruos.be/en/projects/project/224885.html]
[www.vliruos.be/en/projects/project/22f024.html]
[www.vliruos.be/en/projects/project/22407c.html]
[www.vliruos.be/en/projects/project/22f0da.html]
[www.vliruos.be/en/projects/project/222401.html]
[www.vliruos.be/en/projects/project/2237e5.html]
[www.vliruos.be/en/projects/project/22bb6f.html]
[www.vliruos.be/en/projects/project/22f96b.html]
[www.vliruos.be/en/projects/project/22a4b6.html]
[www.vliruos.be/en/projects/project/22a756.html]
[www.vliruos.be/en/projects/project/2295f3.html]
[www.vliruos.be/en/projects/project/229024.html]
[www.vliruos.be/en/projects/project/225e94.html]
[www.vliruos.be/en/projects/204fc0.html]
[www.vliruos.be/en/projects/project/229732.html]
[www.vliruos.be/en/projects/project/22b36a.html]
[www.vliruos.be/en/projects/project/22b7bf.html]
[www.vliruos.be/en/projects/project/221fb9.html]
[www.vliruos.be/en/projects/project/229b4d.html]
[www.vliruos.be/en/projects/project/2231b8.html]
[www.vliruos.be/en/projects/project/225ad7.html]
[www.vliruos.be/en/projects/project/225601.html]
[www.vliruos.be/en/projects/20fddd.html]
[www.vliruos.be/en/projects/project/223ee6.html]
[www.vliruos.be/en/projects/project/2282c5.html]
[www.vliruos.be/en/projects/project/22a188.html]
[www.vliruos.be/en/projects/project/225bcd.html]
[www.vliruos.be/en/projects/project/22ba2f.html]
[www.vliruos.be/en/projects/project/229bcf.html]
[www.vliruos.be/en/projects/project/22935d.html]
[www.vliruos.be/en/projects/project/22d001.html]
[www.vliruos.be/en/projects/project/22429f.html]
[www.vliruos.be/en/projects/project/22fd8c.html]
[www.vliruos.be/en/projects/project/22f94b.html]
[www.vliruos.be/en/projects/project/22910e.html]
[www.vliruos.be/en/projects/project/22bed2.html]
[www.vliruos.be/en/projects/project/2295ec.html]
[www.vliruos.be/en/projects/project/221c42.html]
[www.vliruos.be/en/projects/project/2249a3.html]
[www.vliruos.be/en/projects/project/228706.html]
[www.vliruos.be/en/projects/project/222520.html]
[www.vliruos.be/en/projects/project/22117e.html]
[www.vliruos.be/en/projects/project/227b6b.html]
[www.vliruos.be/en/projects/project/224733.html]
[www.vliruos.be/en/projects/204d0b.html]
[cdn.vliruos.be/vliruos/ICP_2025(2).jpg]
[cdn.webdoos.io/vliruos/Copy of Untitled Design (1).png]
[cdn.vliruos.be/vliruos/950x0/vacancy-header.jpg]
[www.vliruos.be/en/news_events/our_icp_connect_2024_2025_scholarship_call_is_open/3413.html]
[cdn.webdoos.io/vliruos/Copy of Untitled Design.png]
[www.vliruos.be/en/news_events/our_team_2024_call_is_open/3366.html]
[cdn.vliruos.be/vliruos/vacancy-header.jpg]
[cdn.webdoos.io/vliruos/vacancy-header.jpg]
[www.vliruos.be/en/news_events/internship_turn_data_into_impact/3415.html]
[www.vliruos.be/en/news_events/internship_ai_for_financial_control/3416.html]
[cdn.vliruos.be/vliruos/950x0/P1020094.JPG]
[www.vliruos.be/en/news_events/internship_integration_maverick/3417.html]
[www.vliruos.be/en/news_events/community_talk_29_november_at_11_am/3412.html]
[cdn.vliruos.be/vliruos/950x0/Afbeelding1.png]
[www.vliruos.be/en/news_events/community_talk_25_october_2023_at_11_am/3396.html]
[www.vliruos.be/en/news_events/community_talk_27_september_2023_at_11_am_(cet)/3359.html]
[cdn.vliruos.be/vliruos/0M0A8788.jpg]
[cdn.webdoos.io/vliruos/Untitled design (26).png]
[cdn.webdoos.io/vliruos/0M0A8792.jpg]
[cdn.webdoos.io/vliruos/0M0A8754.jpg]
[cdn.vliruos.be/vliruos/950x0/UNILU_Eredoctoraat.jpg]
[cdn.vliruos.be/vliruos/950x0/c6a4cd26-1bb9-888d-d8bb-acdf40d0a65b.jpeg]
[www.vliruos.be/en/livestreamunilu.html]
[cdn.vliruos.be/vliruos/950x0/0M0A8788.jpg]
[cdn.vliruos.be/vliruos/950x0/ICP_2025.jpg]
[www.vliruos.be/en/news_events/community_talk_26_july_2023_at_11_am_(cet)/3317.html]
[cdn.webdoos.io/vliruos/Untitled design (21).png]
[www.vliruos.be/en/fyp2_2022_2027/2626.html]
[cdn.vliruos.be/vliruos/950x0/Chaparri Community Talk - foto.JPG]
[www.vliruos.be/en/news_events/our_financial_framework_has_been_updated/3305.html]
[www.vliruos.be/en/news_events/community_talk_28_june_(2pm_3pm_cet)/3308.html]
[cdn.vliruos.be/vliruos/UNILU_Eredoctoraat.jpg]
[cdn.webdoos.io/vliruos/UNILU_Eredoctoraat.jpg]
[www.vliruos.be/en/doctorateunilu.html]
[cdn.vliruos.be/vliruos/950x0/CT march.jpg]
[www.vliruos.be/en/news_events/community_talk_31_may_2023_(1100_am_1230_pm)_(cet)/3295.html]
[cdn.vliruos.be/vliruos/11.jpg]
[cdn.webdoos.io/vliruos/11.jpg]
[cdn.vliruos.be/vliruos/950x0/foto jaarverslag.png]
[www.vliruos.be/en/news_events/vlir_uos_projects_at_the_belgian_state_visit_to_south_africa_(march_2023)/3258.html]
[cdn.vliruos.be/vliruos/ICP_2025.jpg]
[cdn.webdoos.io/vliruos/rid_019a04c6-332b-492f-89bf-175d15e8f037.png]
[cdn.vliruos.be/vliruos/950x0/PHOTO-2022-08-10 group.jpg]
[www.vliruos.be/en/news_events/call_for_icp_connect_2025_is_now_open/3290.html]
[cdn.webdoos.io/vliruos/ICP_2025.jpg]
[cdn.vliruos.be/vliruos/950x0/11.jpg]
[www.vliruos.be/en/news_events/[closed]_pre_announcement_of_the_call_icp_connect_2025/3253.html]
[www.vliruos.be/en/news_events/community_talk_29_march_2023_at_14_pm_(cet)/3243.html]
[cdn.vliruos.be/vliruos/950x0/ITP call image.jpg]
[www.vliruos.be/en/news_events/community_talk_22_february_2023_at_11_am_(cet)/3231.html]
[cdn.vliruos.be/vliruos/950x0/foto CT.jpg]
[www.vliruos.be/en/news_events/annual_report_2022_is_now_available/3233.html]
[cdn.webdoos.io/vliruos/Untitled design (13).png]
[cdn.vliruos.be/vliruos/950x0/Call for Short Initiatives 2023.png]
[www.vliruos.be/en/news_events/[closed]_call_for_policy_supporting_programme_(psp)_is_now_open/3217.html]
[www.vliruos.be/en/news_events/[closed]_call_for_international_training_programme_(itp)_projects_2023_is_now_open/3177.html]
[www.vliruos.be/en/ongoing_calls/open_calls/call_international_training_programme_projects_(itp)_2023/31537715.html]
[cdn.vliruos.be/vliruos/950x0/OL_1.JPG]
[www.vliruos.be/en/news_events/[closed]_call_for_short_initiative_(si)_2023_is_now_open/3150.html]
[cdn.vliruos.be/vliruos/950x0/CT - foto.png]
[www.vliruos.be/en/news_events/community_talks_30_november_1100_am_1230_pm_(cet)/3125.html]
[cdn.vliruos.be/vliruos/950x0/CT - UNIKIS.jpg]
[www.vliruos.be/en/news_events/[closed]_call_for_icp_connect_scholarships_2023_is_now_open/3126.html]
[cdn.webdoos.io/vliruos/Call for Short Initiatives 2023.png]
[cdn.webdoos.io/vliruos/TEAMFP.jpg]
[cdn.webdoos.io/vliruos/SI 2023_Timeline_visual.png]
[cdn.vliruos.be/vliruos/950x0/Call for ITP 2023.png]
[www.vliruos.be/en/news_events/[closed]_pre_announcement_of_the_call_for_short_initiatives_2023/2659.html]
[cdn.webdoos.io/vliruos/Call for ITP 2023.png]
[cdn.webdoos.io/vliruos/2014-09-16 15.50.17.jpg]
[cdn.webdoos.io/vliruos/ITP 2023_Timeline_visual (3).png]
[cdn.vliruos.be/vliruos/950x0/foto mailchimp.jpg]
[www.vliruos.be/en/news_events/[closed]_pre_announcement_of_the_call_for_inter/2662.html]
[www.vliruos.be/en/news_events/community_talk_28_september_at_11_am_(cet)/2620.html]
[www.vliruos.be/en/news_events/community_talk_26_october_2022_at_11_am_(cet)/2637.html]
[cdn.vliruos.be/vliruos/950x0/Untitled design.png]
[www.vliruos.be/en/news_events/community_talk_29_june_at_11_am_(cet)/2605.html]
[cdn.vliruos.be/vliruos/950x0/foto uitnodiging.jpg]
[www.vliruos.be/en/news_events/this_was_forward_fest_2022/2607.html]
[cdn.vliruos.be/vliruos/950x0/instagram-1.png]
[www.vliruos.be/en/news_events/community_talk_25_may_2022_at_11_am_(cet)/2451.html]
[cdn.vliruos.be/vliruos/940x520/instagram-1.png]
[cdn.vliruos.be/vliruos/950x0/ITP2019.png]
[www.vliruos.be/en/palestine.html]
[cdn.vliruos.be/vliruos/950x0/itp 2.jpg]
[www.vliruos.be/en/news_events/[closed]_information_session_international_trai/2470.html]
[www.vliruos.be/en/news_events/womens_day_2022_gender_equality_today_for_a_sustainable_tomorrow/2450.html]
[www.vliruos.be/en/news_events/[closed]_pre_announcement_of_the_call_for_inter/2447.html]
[www.vliruos.be/en/news_events/[closed]_online_submission_for_your_short_initiative_(si)_2022_is_now_open/2448.html]
[cdn.vliruos.be/vliruos/950x0/collaboration inspiration.jpg]
[cdn.vliruos.be/vliruos/950x0/EOY-Vliruos-HD-DEF-still.png]
[www.vliruos.be/en/news_events/community_talk_23_februari_2022_at_11_am_(cet)/2439.html]
[www.vliruos.be/en/news_events/[closed]_online_submission_for_your_team_2022_concept_note_is_now_open/2440.html]
[www.vliruos.be/en/news_events/need_inspiration_for_a_vlir_uos_project_here_are_some_ideas_for_your_project_proposal/2419.html]
[www.vliruos.be/en/news_events/have_an_enlightened_2022/2405.html]
[www.vliruos.be/en/calls/1566.html]
[www.vliruos.be/en/open_calls/open_project_calls/call_short_initiatives_(si)_projects_2022/1642.html]
[www.vliruos.be/en/open_calls/open_project_calls/call_team_projects_2022_stage_1_concept_notes/1955.html]
[cdn.vliruos.be/vliruos/950x0/about univen.jpg]
[www.vliruos.be/en/news_events/[closed]_call_for_short_initiatives_(si)_and_te/2335.html]
[cdn.vliruos.be/vliruos/950x0/IMG-20191201-WA0004.jpg]
[www.vliruos.be/en/news_events/community_talk_24_november_2021_at_11_am_(cet)/2188.html]
[www.vliruos.be/en/countries/new_country_lists_as_of_2022/as_of_2022_vlir_uos_country_lists_will_change/1329]
[www.vliruos.be/en/calls/scholarships/scholarships_for_masters_(icp_connect)/1569.html]
[cdn.vliruos.be/vliruos/950x0/JOOUST.jpg]
[www.vliruos.be/en/news_events/[closed]_call_for_icp_scholarships_is_open/1959.html]
[www.vliruos.be/en/news_events/connect_session_with_jooust/1516.html]
[cdn.vliruos.be/vliruos/950x0/MUST.jpg]
[www.vliruos.be/en/news_events/community_talk_27_october_2021_at_11_am_(cet)/1520.html]
[cdn.vliruos.be/vliruos/950x0/QNU.jpg]
[www.vliruos.be/en/news_events/connect_session_with_must/1515.html]
[cdn.webdoos.io/vliruos/IUC QNU agenda.jpg]
[cdn.vliruos.be/vliruos/950x0/ARU.jpg]
[www.vliruos.be/en/news_events/connect_session_with_qnu/1514.html]
[cdn.vliruos.be/vliruos/950x0/VN 2018-123-VNUA.JPG]
[www.vliruos.be/en/news_events/connect_session_with_aru/1512.html]
[cdn.vliruos.be/vliruos/950x0/DSC03238.jpg]
[www.vliruos.be/en/news_events/community_talk_29_september_2021_at_11_am_(cet)/1481.html]
[cdn.vliruos.be/vliruos/950x0/jaarverslag2020.jpg]
[www.vliruos.be/en/news_events/connect_session_with_unilu/1511.html]
[cdn.vliruos.be/vliruos/950x0/Closing Event Front_VLIRUOS_UNALM.jpg]
[www.vliruos.be/en/news_events/our_annual_report_2020_is_now_available/1483.html]
[cdn.webdoos.io/vliruos/Day 1 UNALM closing event.png]
[cdn.webdoos.io/vliruos/Day 2 UNALM closing event.png]
[cdn.webdoos.io/vliruos/Day 3 UNALM closing event.png]
[cdn.webdoos.io/vliruos/Day 4 UNALM closing event.png]
[cdn.webdoos.io/vliruos/Day 5 UNALM closing event.png]
[cdn.webdoos.io/vliruos/Final UNALM closing event.png]
[cdn.vliruos.be/vliruos/950x0/Front thumbnail.JPG]
[www.vliruos.be/en/news_events/iuc_closing_event_31_may_4_june_2021_(cooperation_unalm_vlir_uos)/1416.html]
[www.vliruos.be/en/news_events/20_years_of_impact sharing_minds_changing_lives/1405.html]
[cdn.vliruos.be/vliruos/950x0/Cuba ICT Network.jpg]
[cdn.vliruos.be/vliruos/950x0/QA minister Kitir.jpg]
[www.vliruos.be/en/news_events/creating_the_conditions_for_uptake/1332.html]
[cdn.webdoos.io/vliruos/Kitir(2).jpg]
[cdn.webdoos.io/vliruos/Kitir QA.jpg]
[cdn.vliruos.be/vliruos/950x0/210126-VLIRUOS-UPTAKE-SOCIALMEDIA.png]
[cdn.vliruos.be/vliruos/950x0/A-gent 11.jpg]
[www.vliruos.be/en/news_events/_share4change_looking_back_on_a_great_event/1301.html]
[www.vliruos.be/en/news_events/webolinfer_seminar_2020_(open_linked_informatio/1298.html]
[www.vliruos.be/en/open_calls/23.357.delayed]
[cdn.vliruos.be/vliruos/950x0/074ff04d-17fe-4065-87e9-faf5e2dd6b26.jpg]
[www.vliruos.be/en/news_events/[closed]_call_for_master_scholarships_2021_now_open/1286.html]
[cdn.vliruos.be/vliruos/950x0/200817-header-VLIRUOSJaarverslag_twitter.png]
[www.vliruos.be/en/news_events/new_gender_policy_2020_2024/1278.html]
[cdn.vliruos.be/vliruos/950x0/Thumbnail-20VLIRUOS-Story-Climate.png]
[www.vliruos.be/en/news_events/our_annual_report_2019_is_out/1269.html]
[cdn.webdoos.io/vliruos/DSC_0247.jpg]
[cdn.webdoos.io/vliruos/DSC_0331.jpg]
[cdn.vliruos.be/vliruos/950x0/000e0d50cc244a4bf17185dad6672745.png]
[www.vliruos.be/en/news_events/policy_supporting_research_in_the_fight_against_climate_change/1217.html]
[cdn.vliruos.be/vliruos/950x0/Thumbnail-20VLIRUOS-Story-CulturalHeritage.png]
[www.vliruos.be/en/news_events/ambition_of_vlir_uos_to_be_sdg_proof_in_the_nearby_future/1194.html]
[cdn.webdoos.io/vliruos/Cultural Heritage_Ecuador_21_Fausto (1ste van links).jpg]
[cdn.webdoos.io/vliruos/UOriente Santiago IUC formulation (111).jpg]
[cdn.vliruos.be/vliruos/950x0/b2a36df5f4f6a97f869e7c246e7e3e6a.png]
[www.vliruos.be/en/news_events/world_heritage_day_the_significance_of_cultural_heritage_to_a_countrys_development/1191.html]
[cdn.webdoos.io/vliruos/32fd6d0964b753b00ea5ab1cf75f27b6.jpg]
[cdn.webdoos.io/vliruos/c0ce77c81b5501cbb88fb024ec5fe347.jpg]
[cdn.vliruos.be/vliruos/950x0/11c61bc33d504501943ea6a6cf06b948.png]
[www.vliruos.be/en/news_events/world_water_day_water_research_in_tanzania_and_bolivia/1190.html]
[live.staticflickr.com/65535/49525169518_96cc400ac1.jpg]
[embedr.flickr.com_443/assets/client-code.js]
[cdn.vliruos.be/vliruos/950x0/6b39e111cc7fee4d70fe4de226ce22a7.jpg]
[www.vliruos.be/en/news_events/meanwhile_in_uganda_phd_presentations_dairy_dev/1184.html]
[cdn.vliruos.be/vliruos/950x0/a4c3275de6d9fc35daecbd66f3f1b9c0.JPG]
[cdn.vliruos.be/vliruos/950x0/381d0923a4bfd93391dedb1f01f340c7.jpg]
[www.vliruos.be/en/news_events/meanwhile_in_tanzania_entrepreneurial_spirits_p/1174.html]
[live.staticflickr.com/65535/49496185538_05d51e2a8c.jpg]
[cdn.webdoos.io/vliruos/7f2c521e806943f804cb11e795c2b964.jpg]
[cdn.vliruos.be/vliruos/950x0/49d1653c6681803af6062a639319f03b.png]
[www.vliruos.be/en/news_events/new_years_event_2020_theme_gender_equality/1153.html]
[cdn.vliruos.be/vliruos/950x0/65908024b5243152378259bf4841a473.jpg]
[www.vliruos.be/en/news_events/evaluation_on_creating_the_conditions_for_impact_now_published/1135.html]
[www.vliruos.be/en/scholarships/6]
[cdn.vliruos.be/vliruos/950x0/1f3f6c986bc6e349590863c7fd1a378a.jpg]
[www.vliruos.be/en/news_events/[closed]_new_call_for_scholarships_candidates_now_open/1129.html]
[cdn.webdoos.io/vliruos/1f3f6c986bc6e349590863c7fd1a378a.jpg]
[cdn.vliruos.be/vliruos/950x0/28b2e995aa136f65c6a79615fa4e5533.jpg]
[www.vliruos.be/en/news_events/annual_report_2018/1121.html]
[cdn.webdoos.io/vliruos/14cb92a0496c55043772dd8bf602577d.jpg]
[cdn.vliruos.be/vliruos/950x0/eda6197e07c96861cdde531faa3c177d.jpg]
[www.vliruos.be/en/news_events/congo_event_2019/1105.html]
[cdn.webdoos.io/vliruos/cab412b2f774ad52c939f56f4d236ad3.jpg]
[cdn.vliruos.be/vliruos/950x0/14cb92a0496c55043772dd8bf602577d.jpg]
[www.vliruos.be/en/news_events/(dutch_opinion)_het_beeld_van_het_rijke_westen_/1114.html]
[www.vliruos.be/en/news_events/[closed]_finally…_a_new_iuc_call/1092.html]
[live.staticflickr.com/65535/46982217565_bdda3fc52a_z.jpg]
[www.vliruos.be/en/news_events/opinie_i_problemen_in_het_zuiden_zijn_ook_onze_problemen/1079.html]
[cdn.vliruos.be/vliruos/950x0/6565796957dad11354250f49bb1dbc33.jpg]
[www.vliruos.be/en/news_events/throwback_to_15_may_honorary_degrees/1081.html]
[cdn.webdoos.io/vliruos/6565796957dad11354250f49bb1dbc33.jpg]
[cdn.vliruos.be/vliruos/950x0/ad64f22e55331b660dd400caabc2efd5.jpg]
[cdn.vliruos.be/vliruos/950x0/1ae1c75e7ac883d9a1378605292ce3b7.jpg]
[www.vliruos.be/en/news_events/opinion_problems_in_the_south_are_our_problems_(dutch_article)/1079.html]
[cdn.webdoos.io/vliruos/bfee4dce0227442197b1a18ce31a8b2a.jpg]
[cdn.vliruos.be/vliruos/950x0/0c904789f3ff3bd25d949feac68eb776.jpg]
[www.vliruos.be/en/news_events/taking_stock_of_our_iuc_project_in_meknes_morocco/1078.html]
[cdn.vliruos.be/vliruos/950x0/bfee4dce0227442197b1a18ce31a8b2a.JPG]
[cdn.vliruos.be/vliruos/950x0/7ad9d75499b5e6d7e91c8cfc24c56378.jpg]
[www.vliruos.be/en/news_events/sharing_minds_in_the_iuc_review_consultation_workshop/1077.html]
[cdn.webdoos.io/vliruos/1ae1c75e7ac883d9a1378605292ce3b7.jpg]
[cdn.webdoos.io/vliruos/5f0eda3cd4dff88594e8a4f254561948.jpg]
[cdn.webdoos.io/vliruos/63c0d76d4962ce525355687d431b20e1.jpg]
[cdn.webdoos.io/vliruos/000e0d50cc244a4bf17185dad6672745.png]
[www.vliruos.be/en/honorary-degrees-uos.html]
[cdn.vliruos.be/vliruos/950x0/c89c4f1370eb63dcc2838d88ae38d46d.jpg]
[www.vliruos.be/en/news_events/22_march_world_water_day_master_of_oceans_and_lakes_in_the_picture/1075.html]
[cdn.webdoos.io/vliruos/b0c613ec2f12c5591800b39a5eda3d56.jpg]
[cdn.webdoos.io/vliruos/f3f5c8a724e0cbe06491d3910c333925.jpg]
[cdn.webdoos.io/vliruos/2c7211b128a41c23cb7e47d616920325.jpg]
[cdn.vliruos.be/vliruos/950x0/25a6be41f934268bdf6c6204325809b6.JPG]
[www.vliruos.be/en/news_events/3rd_annual_meeting_between_vlir_uos_and_arba_minch_university/1074.html]
[cdn.webdoos.io/vliruos/c23bd04c33dfab326867ee38b84c495c.jpg]
[cdn.webdoos.io/vliruos/d0fb43b83b7ffc95f9950ae3ab9985c9.jpg]
[cdn.webdoos.io/vliruos/812d665f646123158ebe1e6b7c981264.jpg]
[www.vliruos.be/en/news_events/premium_article_beating_the_odds_in_mozambique/1186.html]
[www.vliruos.be/en/news_events/meanwhile_in_santa_cruz_bolivia…/1072.html]
[cdn.webdoos.io/vliruos/3a665503c13d1cc50fe21aa1b29e5e1a.jpg]
[cdn.vliruos.be/vliruos/950x0/0a88ff0bfdff49cc10af6f432647803f.JPG]
[www.vliruos.be/en/news_events/vietnam_delegation_visits_belgium/1065.html]
[cdn.webdoos.io/vliruos/0a88ff0bfdff49cc10af6f432647803f.jpg]
[www.vliruos.be/en/project_funding/intervention_types_in_partner_countries/south_initiatives_(si)/89.html]
[cdn.webdoos.io/vliruos/a4eef7507e63d5815c920f2d392ed229.jpg]
[www.vliruos.be/en/scholarships/scholarships_in_flanders/scholarships_for_trainings_(itp)/11]
[cdn.vliruos.be/vliruos/950x0/3a665503c13d1cc50fe21aa1b29e5e1a.jpeg]
[www.vliruos.be/en/project_funding/intervention_types_in_partner_countries/joint_(inter)national_academic_network/90.3a9.delaye]
[cdn.vliruos.be/vliruos/950x0/01a6a49a95b01302d3f461ed9fd43281.jpg]
[www.vliruos.be/en/news_events/[closed]_vlir_uos_launches_two_new_calls_are_you_ready_to_apply/1064.html]
[cdn.vliruos.be/vliruos/950x0/aa8b28461729618d60d24cd3f4e7a8d8.jpg]
[www.vliruos.be/en/news_events/watch_the_aftermovie_of_the_20_years_event_@_bozar/1041.html]
[cdn.vliruos.be/vliruos/950x0/da9553b38d865751da337f4391216a62.jpg]
[www.vliruos.be/en/news_events/phase_2_of_the_iuc_programme_with_the_nelson_ma/1035.html]
[cdn.vliruos.be/vliruos/950x0/09bc8100e3612db82c5125ae41f3ca42.jpg]
[www.vliruos.be/en/news_events/mountains_of_the_moon_university_and_vlir_uos_l/1022.html]
[cdn.webdoos.io/vliruos/84cbf98f81582c8bdecae76293684d93.jpg]
[cdn.vliruos.be/vliruos/950x0/7e0d3df542557e849111a8ff8c2189cd.png]
[www.vliruos.be/en/news_events/vlir_uos_signs_the_gender_charter/1011.html]
[www.vliruos.be/en/documents/publications/568.html]
[cdn.vliruos.be/vliruos/950x0/7948798eb1c3bae68ca08fcb8ff735a8.jpg]
[www.vliruos.be/en/news_events/our_annual_report_for_2017/992.html]
[cdn.vliruos.be/vliruos/950x0/ef85d61b8d9e513fda4678391f0259d4.jpg]
[www.vliruos.be/en/news_events/ethiopian_universities_partner_up_with_ku_leuven_for_new_types_of_projects/983.html]
[cdn.vliruos.be/vliruos/950x0/46e6d713d2c38e441d4d6736e73bd573.jpg]
[www.vliruos.be/en/news_events/vlir_uos_signs_belgian_development_cooperations_integrity_charter/580.html]
[www.vliruos.be/en/news_events/ku_leuven_launches_alumni_chapter_ethiopia/53.html]
[cdn.webdoos.io/vliruos/Hoang Hang 2.jpg]
[cdn.webdoos.io/vliruos/Hoang Hang 1.jpg]
[cdn.webdoos.io/vliruos/Trang adjusted.jpg]
[cdn.webdoos.io/vliruos/Trang 2 adjusted(2).jpg]
[cdn.vliruos.be/vliruos/940x520/Vietnam_CanTho_35_Dinh_OK.JPG]
[cdn.vliruos.be/vliruos/940x520/Biogas.png]
[www.vliruos.be/en/stories/hoang_thi_hang_and_bui_thang_trang/3406.html]
[cdn.vliruos.be/vliruos/1920x900/Chaparri Community Talk - foto.JPG]
[cdn.vliruos.be/vliruos/640x515/large.jpg]
[cdn.vliruos.be/vliruos/640x515/image (1).jpg]
[cdn.vliruos.be/vliruos/950x0/Hoang Hang 2.jpg]
[www.vliruos.be/en/stories/todos_y_todas_por_chaparri/3614.html]
[cdn.vliruos.be/vliruos/1920x900/3[1].png]
[cdn.vliruos.be/vliruos/640x515/Untitled design (36).png]
[cdn.vliruos.be/vliruos/440x440/3[1].png]
[cdn.vliruos.be/vliruos/950x0/Huong Nguyen Thi Thanh.jpg]
[www.vliruos.be/en/stories/what_will_we_eat_in_2050/3625.html]
[cdn.webdoos.io/vliruos/16f764675bf826882ae0ae8df16fc0df.jpg]
[cdn.vliruos.be/vliruos/950x0/ebfdc7bef1fedebb18bd2506c822bcc4.jpg]
[www.vliruos.be/en/stories/daniel_melo/1066.html]
[cdn.vliruos.be/vliruos/3308e45dad1487550dcddf4cbf595496.png]
[cdn.vliruos.be/vliruos/5afc90d7497ae464187493f7227d1543.png]
[cdn.vliruos.be/vliruos/950x0/893dcc3c3b3cb8b59f05f348dd6c1912.jpg]
[www.vliruos.be/en/stories/professor_karen_vancampenhout/64.html]
[cdn.vliruos.be/vliruos/71b542b29915dfa5811b2fad8d3ba34f.png]
[www.vliruos.be/en/stories/ellen_seys/61.html]
[cdn.vliruos.be/vliruos/f2fc4b5efaa2d23a99053c0d4d38e41a.png]
[cdn.vliruos.be/vliruos/950x0/057a347484e5cdf03793ae2e7b0c3b91.jpg]
[www.vliruos.be/en/stories/bart_van_der_bruggen/63.html]
[www.vliruos.be/en/ongoing_calls/closed_calls/call_short_initiatives_(si)_2023/3127.html]
[cdn.webdoos.io/vliruos/SI Call 2023.png]
[cdn.webdoos.io/vliruos/FYP2 project country list.jpg]
[www.vliruos.be/en/ongoing_calls/open_calls/call_short_initiatives_(si)_2023/3127.html]
[www.vliruos.be/en/ongoing_calls/closed_calls/call_international_training_programme_projects_(itp)_2023/3153.html]
[www.vliruos.be/en/ongoing_calls/closed_calls/policy_supporting_programme_2023_2027/3198.html]
[www.vliruos.be/en/ongoingcalls/opencalls/call-international-training-programme-projects-itp-2023.html]
[www.vliruos.be/en/ongoing_calls/closed_calls/call_team_projects_2022_stage_2_fully_fledged_proposals/2489.html]
[www.vliruos.be/en/ongoing_calls/closed_calls/call_icp_connect_2022/2340.html]
[www.vliruos.be/en/ongoing_calls/closed_calls/call_short_initiatives_(si)_projects_2022/1642.html]
[www.vliruos.be/en/ongoing_calls/closed_calls/call_team_projects_2022_stage_1_concept_notes/1955.html]
[cdn.vliruos.be/vliruos/call TeamSI.jpg]
[cdn.vliruos.be/vliruos/IMG-20191201-WA0004.jpg]
[www.vliruos.be/en/ongoing_calls/1523.html]
[cdn.webdoos.io/vliruos/icpconnectstage2pic.jpg]
[cdn.vliruos.be/vliruos/icp stage2.jpg]
[www.vliruos.be/en/en/ongoingcalls/opencalls/callforicpconnect2025stage2.html]
[cdn.vliruos.be/vliruos/ITP timeline.png]
[www.vliruos.be/en/ongoing_calls/open_calls/call_international_training_programme_projects_(itp)_2024/3368.html]
[cdn.vliruos.be/vliruos/Afbeelding1(2).jpg]
[www.vliruos.be/en/en/ongoingcalls/opencalls/callforicpconnect2025stage1.html]
[www.vliruos.be/en/community_talks/RGB 114 185 210.html]
[www.vliruos.be/en/ongoing_calls/open_calls/call_short_initiatives_(si)_projects_2022/infopagina_belgian_non_go/2264.24c.delaye]
[www.vliruos.be/en/ongoing_calls/open_calls/call_short_initiatives_(si)_projects_2022/infopagina_more_ideas_for/2423.24d.delaye]
[www.vliruos.be/en/ongoing_calls/closed_calls/call_short_initiatives_(si)_projects_2022/infopagina_belgian_non_/2264.3e5.delaye]
[www.vliruos.be/en/ongoing_calls/closed_calls/call_short_initiatives_(si)_projects_2022/infopagina_more_ideas_f/2423.3e6.delaye]
[cdn.webdoos.io/vliruos/HS_1.jpg]
[www.vliruos.be/en/scholarships/scholarships_in_flanders/scholarships_for_masters_(icp_connect)/one_year/master/2763.25f.delaye]
[cdn.webdoos.io/vliruos/nicaragua 2.jpg]
[www.vliruos.be/en/scholarships/scholarships_in_flanders/scholarships_for_masters_(icp_connect)/one_year/master/2697.260.delaye]
[www.vliruos.be/en/countries/96)]
[www.vliruos.be/en/scholarships/scholarships_in_flanders/scholarships_for_masters_(icp_connect)/one_year/master/2711.261.delaye]
[cdn.webdoos.io/vliruos/746896cd-b97d-44ec-9525-d8813c3c8455.jpg]
[www.vliruos.be/en/scholarships/scholarships_in_flanders/scholarships_for_masters_(icp_connect)/one_year/master/2717.262.delaye]
[www.vliruos.be/en/scholarships/scholarships_in_flanders/scholarships_for_masters_(icp_connect)/one_year/master/2723.263.delaye]
[cdn.webdoos.io/vliruos/Nema_1-horizontal.jpg]
[www.vliruos.be/en/scholarships/scholarships_in_flanders/scholarships_for_masters_(icp_connect)/two_year/intern/2742.264.delaye]
[cdn.webdoos.io/vliruos/4k-wallpaper-agriculture-clouds-842711.jpg]
[www.vliruos.be/en/scholarships/scholarships_in_flanders/scholarships_for_masters_(icp_connect)/two_year/intern/2748.265.delaye]
[www.vliruos.be/en/scholarships/scholarships_in_flanders/scholarships_for_masters_(icp_connect)/two_year/master/2736.266.delaye]
[cdn.webdoos.io/vliruos/csm_IMG_5304_8745b2c53a.jpg]
[www.vliruos.be/en/scholarships/scholarships_in_flanders/scholarships_for_masters_(icp_connect)/two_year/master/2730.267.delaye]
[cdn.webdoos.io/vliruos/ICP Food_internship at Universitas Sebelas Maret Indonesia (2) (1).jpg]
[www.vliruos.be/en/scholarships/scholarships_in_flanders/scholarships_for_masters_(icp_connect)/two_year/master/2764.268.delaye]
[cdn.webdoos.io/vliruos/Master of Science in Marine and Lacustrine Science and Management.png]
[www.vliruos.be/en/scholarships/scholarships_in_flanders/scholarships_for_masters_(icp_connect)/two_year/master/2769.269.delaye]
[cdn.webdoos.io/vliruos/ICP MEPI_ICP STAT_North workshop 2019.jpg]
[www.vliruos.be/en/scholarships/scholarships_in_flanders/scholarships_for_masters_(icp_connect)/two_year/master/2767.26a.delaye]
[cdn.webdoos.io/vliruos/ICP SD-_191026_Hoge-Kempen-National-Park_0364.jpg]
[www.vliruos.be/en/scholarships/scholarships_in_flanders/scholarships_for_masters_(icp_connect)/two_year/master/2766.26b.delaye]
[www.vliruos.be/en/scholarships/scholarships_in_flanders/scholarships_for_masters_(icp_connect)/two_year/master/2768.26c.delaye]
[www.vliruos.be/en/scholarships/scholarships_in_flanders/scholarships_for_masters_(icp_connect)/initial_masters/2765.26d.delaye]
[www.vliruos.be/en/scholarships/scholarships_in_flanders/scholarships_for_masters_(icp_connect)/initial_masters/2764.26e.delaye]
[www.vliruos.be/en/scholarships/scholarships_in_flanders/scholarships_for_masters_(icp_connect)/initial_masters/2766.26f.delaye]
[www.vliruos.be/en/scholarships/scholarships_in_flanders/scholarships_for_masters_(icp_connect)/initial_masters/2767.270.delaye]
[www.vliruos.be/en/scholarships/scholarships_in_flanders/scholarships_for_masters_(icp_connect)/initial_masters/2768.271.delaye]
[www.vliruos.be/en/scholarships/scholarships_in_flanders/scholarships_for_masters_(icp_connect)/initial_masters/2769.272.delaye]
[www.vliruos.be/en/scholarships/scholarships_in_flanders/scholarships_for_masters_(icp_connect)/initial_masters/2730.273.delaye]
[www.vliruos.be/en/scholarships/scholarships_in_flanders/scholarships_for_masters_(icp_connect)/initial_masters/2736.274.delaye]
[www.vliruos.be/en/scholarships/scholarships_in_flanders/scholarships_for_masters_(icp_connect)/initial_masters/2742.275.delaye]
[www.vliruos.be/en/scholarships/scholarships_in_flanders/scholarships_for_masters_(icp_connect)/initial_masters/2748.276.delaye]
[www.vliruos.be/en/scholarships/scholarships_in_flanders/scholarships_for_masters_(icp_connect)/advanced_master/2763.277.delaye]
[www.vliruos.be/en/scholarships/scholarships_in_flanders/scholarships_for_masters_(icp_connect)/advanced_master/2697.278.delaye]
[www.vliruos.be/en/scholarships/scholarships_in_flanders/scholarships_for_masters_(icp_connect)/advanced_master/2711.279.delaye]
[www.vliruos.be/en/scholarships/scholarships_in_flanders/scholarships_for_masters_(icp_connect)/advanced_master/2717.27a.delaye]
[www.vliruos.be/en/scholarships/scholarships_in_flanders/scholarships_for_masters_(icp_connect)/advanced_master/2723.27b.delaye]
[www.vliruos.be/en/news_events/connect_with_unilu_on_15_september_2021/1511.html]
[www.vliruos.be/en/news_events/connect_with_aru_on_1_october_2021_at_10_am_(cet)/1512.html]
[www.vliruos.be/en/news_events/connect_with_qnu_on_7_october_2021_at_9_am_(cet)/1514.html]
[www.vliruos.be/en/news_events/connect_with_must_on_14_october_2021_at_5_pm_(cet)/1515.html]
[www.vliruos.be/en/projects/20bcfa.html]
[cdn.webdoos.io/vliruos/2022_ICP Nema_labo_cut.jpg]
[www.vliruos.be/en/ongoing_calls/open_calls/call_team_projects_2024_stage_1_concept_notes/3334.html]
[www.vliruos.be/en/call_types/scholarships/scholarships_for_masters_(icp_connect)/1569.html]
[www.vliruos.be/en/projects/2084a0.html]
[www.vliruos.be/en/projects/204014.html]
[www.vliruos.be/en/projects/project/22.html]
[www.vliruos.be/en/index.html]
[www.vliruos.be/en/project_funding/intervention_types_in_belgium/international_master_programmes_(icp)/94.html]
[www.vliruos.be/en/projects/208e73.html]
[www.vliruos.be/en/projects/206b18.html]
[www.vliruos.be/en/projects/project/22dc08.html]
[www.vliruos.be/en/projects/204fc0.html]
[www.vliruos.be/en/projects/project/226c6b.html]
[www.vliruos.be/en/projects/project/22c08a.html]
[www.vliruos.be/en/projects/project/22e39b.html]
[www.vliruos.be/en/projects/project/22d2e9.html]
[www.vliruos.be/en/projects/project/22e009.html]
[www.vliruos.be/en/projects/project/22c464.html]
[www.vliruos.be/en/projects/project/22a4c4.html]
[www.vliruos.be/en/projects/project/228ae8.html]
[www.vliruos.be/en/projects/project/224f17.html]
[www.vliruos.be/en/projects/project/226325.html]
[www.vliruos.be/en/projects/project/22bfdd.html]
[www.vliruos.be/en/projects/project/22c5d7.html]
[www.vliruos.be/en/projects/project/2224a1.html]
[www.vliruos.be/en/projects/20fddd.html]
[www.vliruos.be/en/projects/project/226d7e.html]
[www.vliruos.be/en/projects/project/2252a8.html]
[www.vliruos.be/en/projects/204d0b.html]
[www.vliruos.be/en/fyp2_2022_2027/2626.html]
[www.vliruos.be/en/projects/project/22e686.html]
[cdn.webdoos.io/vliruos/ITP call image.jpg]
[cdn.vliruos.be/vliruos/ITP 2023 timeline.jpg]
[www.vliruos.be/en/ongoing_calls/open_calls/call_international_training_programme_projects_(itp)_2023/31537715.html]
[www.vliruos.be/en/calls/1566.html]
[www.vliruos.be/en/calls/project_funding/short_initiatives_(si)/1587.html]
[cdn.webdoos.io/vliruos/IMG_8030.jpg]
[cdn.vliruos.be/vliruos/nicaragua 2.jpg]
[www.vliruos.be/en/open_calls/open_project_calls/call_short_initiatives_(si)_projects_2022/1642.html]
[www.vliruos.be/en/open_calls/open_project_calls/call_team_projects_2022_stage_1_concept_notes/1955.html]
[www.vliruos.be/en/countries/new_country_lists_as_of_2022/as_of_2022_vlir_uos_country_lists_will_change/1329.html]
[www.vliruos.be/en/calls/scholarships/scholarships_for_masters_(icp_connect)/1569.html]
[www.vliruos.be/en/open_calls/23.html]
[www.vliruos.be/en/scholarships/6.html]
[www.vliruos.be/en/calls/project_funding/team_projects/1596.html]
[www.vliruos.be/en/ongoing_calls/open_calls/call_team_projects_2022_stage_1_concept_notes/infopagina_belgian_no/2430.448.delaye]
[www.vliruos.be/en/ongoing_calls/open_calls/call_team_projects_2022_stage_1_concept_notes/infopagina_more_ideas/2432.449.delaye]
[www.vliruos.be/en/news_events/opinie_i_problemen_in_het_zuiden_zijn_ook_onze_problemen/1079.html]
[www.vliruos.be/en/project_funding/intervention_types_in_partner_countries/short_initiatives_(si)/89.html]
[www.vliruos.be/en/project_funding/intervention_types_in_partner_countries/south_initiatives_(si)/89.html]
[www.vliruos.be/en/project_funding/intervention_types_in_partner_countries/joint_(inter)national_academic_network/90.3a9.delaye]
[www.vliruos.be/en/scholarships/scholarships_in_flanders/scholarships_for_trainings_(itp)/11.html]
[www.vliruos.be/en/documents/publications/568.html]
[www.vliruos.be/en/ongoing_calls/closed_calls/call_short_initiatives_(si)_2023/3127.html]
[www.vliruos.be/en/ongoing_calls/closed_calls/call_international_training_programme_projects_(itp)_2023/3153.html]
[www.vliruos.be/en/projects/207e60.html]
[cdn.vliruos.be/vliruos/PSP_2023_Timeline_visual (2).png]
[www.vliruos.be/en/ongoing_calls/closed_calls/policy_supporting_programme_2023_2027/3198.html]
[cdn.webdoos.io/vliruos/ITP2019.png]
[www.vliruos.be/en/ongoingcalls/opencalls/call-international-training-programme-projects-itp-2023.html]
[www.vliruos.be/en/ongoing_calls/closed_calls/call_team_projects_2022_stage_2_fully_fledged_proposals/2489.html]
[www.vliruos.be/en/news_events/information_session_international_training_proj/2470.html]
[cdn.webdoos.io/vliruos/ICP Food_internship at Universitas Sebelas Maret Indonesia (2) (1)(2).jpg]
[www.vliruos.be/en/ongoing_calls/closed_calls/call_icp_connect_2022/2340.html]
[www.vliruos.be/en/ongoing_calls/closed_calls/call_short_initiatives_(si)_projects_2022/1642.html]
[www.vliruos.be/en/ongoing_calls/closed_calls/call_team_projects_2022_stage_1_concept_notes/1955.html]
[www.vliruos.be/en/ongoing_calls/closed_calls/call_short_initiatives_(si)_projects_2022/infopagina_belgian_non_/2264.3e5.delaye]
[www.vliruos.be/en/ongoing_calls/closed_calls/call_short_initiatives_(si)_projects_2022/infopagina_more_ideas_f/2423.3e6.delaye]
[www.vliruos.be/en/countries/96).html]
[www.vliruos.be/en/projects/project/22dc08.html]
[www.vliruos.be/en/projects/project/226c6b.html]
[www.vliruos.be/en/projects/project/22c08a.html]
[www.vliruos.be/en/projects/project/22e39b.html]
[www.vliruos.be/en/projects/project/22d2e9.html]
[www.vliruos.be/en/projects/project/22e009.html]
[www.vliruos.be/en/projects/project/22c464.html]
[www.vliruos.be/en/projects/project/22a4c4.html]
[www.vliruos.be/en/projects/project/228ae8.html]
[www.vliruos.be/en/projects/project/224f17.html]
[www.vliruos.be/en/projects/project/226325.html]
[www.vliruos.be/en/projects/project/22bfdd.html]
[www.vliruos.be/en/projects/project/22c5d7.html]
[www.vliruos.be/en/projects/project/2224a1.html]
[www.vliruos.be/en/projects/project/226d7e.html]
[www.vliruos.be/en/projects/project/2252a8.html]
[www.vliruos.be/en/projects/project/22e686.html]
[www.vliruos.be/en/calls/project_funding/short_initiatives_(si)/1587.html]
[www.vliruos.be/en/calls/project_funding/team_projects/1596.html]
[www.vliruos.be/en/ongoing_calls/open_calls/call_team_projects_2022_stage_1_concept_notes/infopagina_belgian_no/2430.448.delaye]
[www.vliruos.be/en/ongoing_calls/open_calls/call_team_projects_2022_stage_1_concept_notes/infopagina_more_ideas/2432.449.delaye]
[www.vliruos.be/en/project_funding/intervention_types_in_partner_countries/short_initiatives_(si)/89.html]
[www.vliruos.be/en/projects/207e60.html]
[www.vliruos.be/en/news_events/information_session_international_training_proj/2470.html]
[www.vliruos.be/en/ongoing_calls/closed_calls/call_team_projects_2022_stage_1_concept_notes/infopagina_belgian_/2430.451.delaye]
[www.vliruos.be/en/ongoing_calls/closed_calls/call_team_projects_2022_stage_1_concept_notes/infopagina_more_ide/2432.452.delaye]
[www.vliruos.be/en/ongoing_calls/closed_calls/call_team_projects_2022_stage_1_concept_notes/infopagina_belgian_/2430.451.delaye]
[www.vliruos.be/en/ongoing_calls/closed_calls/call_team_projects_2022_stage_1_concept_notes/infopagina_more_ide/2432.452.delaye]
